Archive member included to satisfy reference by file (symbol)

../Middlewares/ST/AI/Lib\NetworkRuntime1020_CM4_GCC.a(ai_platform.o)
                              ./X-CUBE-AI/App/network.o (ai_buffer_array_item_set_address)
../Middlewares/ST/AI/Lib\NetworkRuntime1020_CM4_GCC.a(ai_platform_interface.o)
                              ./X-CUBE-AI/App/network.o (ai_platform_get_weights_map)
../Middlewares/ST/AI/Lib\NetworkRuntime1020_CM4_GCC.a(core_common.o)
                              ../Middlewares/ST/AI/Lib\NetworkRuntime1020_CM4_GCC.a(ai_platform_interface.o) (core_init)
../Middlewares/ST/AI/Lib\NetworkRuntime1020_CM4_GCC.a(core_mem_manager.o)
                              ../Middlewares/ST/AI/Lib\NetworkRuntime1020_CM4_GCC.a(ai_platform_interface.o) (core_mem_alloc)
../Middlewares/ST/AI/Lib\NetworkRuntime1020_CM4_GCC.a(layers.o)
                              ../Middlewares/ST/AI/Lib\NetworkRuntime1020_CM4_GCC.a(ai_platform_interface.o) (ai_check_custom_types)
../Middlewares/ST/AI/Lib\NetworkRuntime1020_CM4_GCC.a(layers_conv2d_generic_float.o)
                              ./X-CUBE-AI/App/network.o (forward_dense)
../Middlewares/ST/AI/Lib\NetworkRuntime1020_CM4_GCC.a(layers_nl_generic_float.o)
                              ./X-CUBE-AI/App/network.o (forward_relu)
../Middlewares/ST/AI/Lib\NetworkRuntime1020_CM4_GCC.a(layers_conv2d_integer_scratch.o)
                              ../Middlewares/ST/AI/Lib\NetworkRuntime1020_CM4_GCC.a(layers.o) (get_dense_scratch_size_s8)
../Middlewares/ST/AI/Lib\NetworkRuntime1020_CM4_GCC.a(forward_lite_conv2d_if32of32wf32.o)
                              ../Middlewares/ST/AI/Lib\NetworkRuntime1020_CM4_GCC.a(layers_conv2d_generic_float.o) (forward_lite_conv2d_if32of32wf32)
../Middlewares/ST/AI/Lib\NetworkRuntime1020_CM4_GCC.a(lite_nl_softmax_if32of32.o)
                              ../Middlewares/ST/AI/Lib\NetworkRuntime1020_CM4_GCC.a(layers_nl_generic_float.o) (forward_lite_nl_softmax_if32of32_kernel)
../Middlewares/ST/AI/Lib\NetworkRuntime1020_CM4_GCC.a(lite_nl_relu_if32of32.o)
                              ../Middlewares/ST/AI/Lib\NetworkRuntime1020_CM4_GCC.a(layers_nl_generic_float.o) (forward_lite_nl_prelu_if32of32_kernel)
../Middlewares/ST/AI/Lib\NetworkRuntime1020_CM4_GCC.a(lite_dense_if32.o)
                              ../Middlewares/ST/AI/Lib\NetworkRuntime1020_CM4_GCC.a(layers_conv2d_generic_float.o) (lite_decompress_ilutof32)
../Middlewares/ST/AI/Lib\NetworkRuntime1020_CM4_GCC.a(lite_nl_generic_float.o)
                              ../Middlewares/ST/AI/Lib\NetworkRuntime1020_CM4_GCC.a(layers_nl_generic_float.o) (forward_lite_nl_softmax_if32of32)
../Middlewares/ST/AI/Lib\NetworkRuntime1020_CM4_GCC.a(st_int8_fill.o)
                              ../Middlewares/ST/AI/Lib\NetworkRuntime1020_CM4_GCC.a(ai_platform_interface.o) (st_int8_copy)
../Middlewares/ST/AI/Lib\NetworkRuntime1020_CM4_GCC.a(ai_math_helpers.o)
                              ../Middlewares/ST/AI/Lib\NetworkRuntime1020_CM4_GCC.a(layers_nl_generic_float.o) (ai_math_sqrt)
../Middlewares/ST/AI/Lib\NetworkRuntime1020_CM4_GCC.a(ai_datatypes_format.o)
                              ../Middlewares/ST/AI/Lib\NetworkRuntime1020_CM4_GCC.a(ai_platform_interface.o) (ai_array_to_buffer_fmt)
../Middlewares/ST/AI/Lib\NetworkRuntime1020_CM4_GCC.a(ai_datatypes_internal.o)
                              ../Middlewares/ST/AI/Lib\NetworkRuntime1020_CM4_GCC.a(ai_platform_interface.o) (ai_version_get)
../Middlewares/ST/AI/Lib\NetworkRuntime1020_CM4_GCC.a(ai_math_elementwise_mul_int8.o)
                              ../Middlewares/ST/AI/Lib\NetworkRuntime1020_CM4_GCC.a(ai_math_helpers.o) (ai_math_elementwise_mul_int8)
../Middlewares/ST/AI/Lib\NetworkRuntime1020_CM4_GCC.a(ai_math_elementwise_sum_int8.o)
                              ../Middlewares/ST/AI/Lib\NetworkRuntime1020_CM4_GCC.a(ai_math_helpers.o) (ai_math_elementwise_sum_int8)
../Middlewares/ST/AI/Lib\NetworkRuntime1020_CM4_GCC.a(st_align_factor.o)
                              ../Middlewares/ST/AI/Lib\NetworkRuntime1020_CM4_GCC.a(ai_math_helpers.o) (align_factor)
C:/ST/STM32CubeIDE_1.18.0/STM32CubeIDE/plugins/com.st.stm32cube.ide.mcu.externaltools.gnu-tools-for-stm32.13.3.rel1.win32_1.0.0.202411081344/tools/bin/../lib/gcc/arm-none-eabi/13.3.1/../../../../arm-none-eabi/lib/thumb/v7e-m+fp/hard\libc_nano.a(libc_a-exit.o)
                              C:/ST/STM32CubeIDE_1.18.0/STM32CubeIDE/plugins/com.st.stm32cube.ide.mcu.externaltools.gnu-tools-for-stm32.13.3.rel1.win32_1.0.0.202411081344/tools/bin/../lib/gcc/arm-none-eabi/13.3.1/../../../../arm-none-eabi/lib/thumb/v7e-m+fp/hard/crt0.o (exit)
C:/ST/STM32CubeIDE_1.18.0/STM32CubeIDE/plugins/com.st.stm32cube.ide.mcu.externaltools.gnu-tools-for-stm32.13.3.rel1.win32_1.0.0.202411081344/tools/bin/../lib/gcc/arm-none-eabi/13.3.1/../../../../arm-none-eabi/lib/thumb/v7e-m+fp/hard\libc_nano.a(libc_a-malloc.o)
                              ../Middlewares/ST/AI/Lib\NetworkRuntime1020_CM4_GCC.a(core_mem_manager.o) (malloc)
[...]
Memory Configuration

Name             Origin             Length             Attributes
RAM              0x20000000         0x00020000         xrw
FLASH            0x08000000         0x00080000         xr
*default*        0x00000000         0xffffffff

Linker script and memory map

LOAD C:/ST/STM32CubeIDE_1.18.0/STM32CubeIDE/plugins/com.st.stm32cube.ide.mcu.externaltools.gnu-tools-for-stm32.13.3.rel1.win32_1.0.0.202411081344/tools/bin/../lib/gcc/arm-none-eabi/13.3.1/thumb/v7e-m+fp/hard/crti.o
LOAD C:/ST/STM32CubeIDE_1.18.0/STM32CubeIDE/plugins/com.st.stm32cube.ide.mcu.externaltools.gnu-tools-for-stm32.13.3.rel1.win32_1.0.0.202411081344/tools/bin/../lib/gcc/arm-none-eabi/13.3.1/thumb/v7e-m+fp/hard/crtbegin.o
LOAD C:/ST/STM32CubeIDE_1.18.0/STM32CubeIDE/plugins/com.st.stm32cube.ide.mcu.externaltools.gnu-tools-for-stm32.13.3.rel1.win32_1.0.0.202411081344/tools/bin/../lib/gcc/arm-none-eabi/13.3.1/../../../../arm-none-eabi/lib/thumb/v7e-m+fp/hard/crt0.o
LOAD ./Core/Src/main.o
LOAD ./Core/Src/stm32f4xx_hal_msp.o
LOAD ./Core/Src/stm32f4xx_it.o
LOAD ./Core/Src/sysmem.o
LOAD ./Core/Src/system_stm32f4xx.o
LOAD ./Core/Startup/startup_stm32f446retx.o
LOAD ./Drivers/STM32F4xx_HAL_Driver/Src/stm32f4xx_hal.o
LOAD ./Drivers/STM32F4xx_HAL_Driver/Src/stm32f4xx_hal_cortex.o
LOAD ./Drivers/STM32F4xx_HAL_Driver/Src/stm32f4xx_hal_crc.o
LOAD ./Drivers/STM32F4xx_HAL_Driver/Src/stm32f4xx_hal_dma.o
LOAD ./Drivers/STM32F4xx_HAL_Driver/Src/stm32f4xx_hal_dma_ex.o
LOAD ./Drivers/STM32F4xx_HAL_Driver/Src/stm32f4xx_hal_exti.o
LOAD ./Drivers/STM32F4xx_HAL_Driver/Src/stm32f4xx_hal_flash.o
LOAD ./Drivers/STM32F4xx_HAL_Driver/Src/stm32f4xx_hal_flash_ex.o
LOAD ./Drivers/STM32F4xx_HAL_Driver/Src/stm32f4xx_hal_flash_ramfunc.o
LOAD ./Drivers/STM32F4xx_HAL_Driver/Src/stm32f4xx_hal_gpio.o
LOAD ./Drivers/STM32F4xx_HAL_Driver/Src/stm32f4xx_hal_pwr.o
LOAD ./Drivers/STM32F4xx_HAL_Driver/Src/stm32f4xx_hal_pwr_ex.o
LOAD ./Drivers/STM32F4xx_HAL_Driver/Src/stm32f4xx_hal_rcc.o
LOAD ./Drivers/STM32F4xx_HAL_Driver/Src/stm32f4xx_hal_rcc_ex.o
LOAD ./Drivers/STM32F4xx_HAL_Driver/Src/stm32f4xx_hal_uart.o
LOAD ./X-CUBE-AI/App/network.o
LOAD ./X-CUBE-AI/App/network_data.o
LOAD ./X-CUBE-AI/App/network_data_params.o
LOAD ../Middlewares/ST/AI/Lib\NetworkRuntime1020_CM4_GCC.a
START GROUP
LOAD C:/ST/STM32CubeIDE_1.18.0/STM32CubeIDE/plugins/com.st.stm32cube.ide.mcu.externaltools.gnu-tools-for-stm32.13.3.rel1.win32_1.0.0.202411081344/tools/bin/../lib/gcc/arm-none-eabi/13.3.1/../../../../arm-none-eabi/lib/thumb/v7e-m+fp/hard\libc_nano.a
LOAD C:/ST/STM32CubeIDE_1.18.0/STM32CubeIDE/plugins/com.st.stm32cube.ide.mcu.externaltools.gnu-tools-for-stm32.13.3.rel1.win32_1.0.0.202411081344/tools/bin/../lib/gcc/arm-none-eabi/13.3.1/../../../../arm-none-eabi/lib/thumb/v7e-m+fp/hard\libm.a
END GROUP
START GROUP
LOAD C:/ST/STM32CubeIDE_1.18.0/STM32CubeIDE/plugins/com.st.stm32cube.ide.mcu.externaltools.gnu-tools-for-stm32.13.3.rel1.win32_1.0.0.202411081344/tools/bin/../lib/gcc/arm-none-eabi/13.3.1/thumb/v7e-m+fp/hard\libgcc.a
LOAD C:/ST/STM32CubeIDE_1.18.0/STM32CubeIDE/plugins/com.st.stm32cube.ide.mcu.externaltools.gnu-tools-for-stm32.13.3.rel1.win32_1.0.0.202411081344/tools/bin/../lib/gcc/arm-none-eabi/13.3.1/../../../../arm-none-eabi/lib/thumb/v7e-m+fp/hard\libc_nano.a
END GROUP
START GROUP
LOAD C:/ST/STM32CubeIDE_1.18.0/STM32CubeIDE/plugins/com.st.stm32cube.ide.mcu.externaltools.gnu-tools-for-stm32.13.3.rel1.win32_1.0.0.202411081344/tools/bin/../lib/gcc/arm-none-eabi/13.3.1/thumb/v7e-m+fp/hard\libgcc.a
LOAD C:/ST/STM32CubeIDE_1.18.0/STM32CubeIDE/plugins/com.st.stm32cube.ide.mcu.externaltools.gnu-tools-for-stm32.13.3.rel1.win32_1.0.0.202411081344/tools/bin/../lib/gcc/arm-none-eabi/13.3.1/../../../../arm-none-eabi/lib/thumb/v7e-m+fp/hard\libc_nano.a
LOAD C:/ST/STM32CubeIDE_1.18.0/STM32CubeIDE/plugins/com.st.stm32cube.ide.mcu.externaltools.gnu-tools-for-stm32.13.3.rel1.win32_1.0.0.202411081344/tools/bin/../lib/gcc/arm-none-eabi/13.3.1/../../../../arm-none-eabi/lib/thumb/v7e-m+fp/hard\libnosys.a
END GROUP
START GROUP
LOAD C:/ST/STM32CubeIDE_1.18.0/STM32CubeIDE/plugins/com.st.stm32cube.ide.mcu.externaltools.gnu-tools-for-stm32.13.3.rel1.win32_1.0.0.202411081344/tools/bin/../lib/gcc/arm-none-eabi/13.3.1/thumb/v7e-m+fp/hard\libgcc.a
LOAD C:/ST/STM32CubeIDE_1.18.0/STM32CubeIDE/plugins/com.st.stm32cube.ide.mcu.externaltools.gnu-tools-for-stm32.13.3.rel1.win32_1.0.0.202411081344/tools/bin/../lib/gcc/arm-none-eabi/13.3.1/../../../../arm-none-eabi/lib/thumb/v7e-m+fp/hard\libc_nano.a
LOAD C:/ST/STM32CubeIDE_1.18.0/STM32CubeIDE/plugins/com.st.stm32cube.ide.mcu.externaltools.gnu-tools-for-stm32.13.3.rel1.win32_1.0.0.202411081344/tools/bin/../lib/gcc/arm-none-eabi/13.3.1/../../../../arm-none-eabi/lib/thumb/v7e-m+fp/hard\libnosys.a
END GROUP
LOAD C:/ST/STM32CubeIDE_1.18.0/STM32CubeIDE/plugins/com.st.stm32cube.ide.mcu.externaltools.gnu-tools-for-stm32.13.3.rel1.win32_1.0.0.202411081344/tools/bin/../lib/gcc/arm-none-eabi/13.3.1/thumb/v7e-m+fp/hard/crtend.o
LOAD C:/ST/STM32CubeIDE_1.18.0/STM32CubeIDE/plugins/com.st.stm32cube.ide.mcu.externaltools.gnu-tools-for-stm32.13.3.rel1.win32_1.0.0.202411081344/tools/bin/../lib/gcc/arm-none-eabi/13.3.1/thumb/v7e-m+fp/hard/crtn.o
                0x20020000                        _estack = (ORIGIN (RAM) + LENGTH (RAM))
                0x00000800                        _Min_Heap_Size = 0x800
                0x00000800                        _Min_Stack_Size = 0x800

.isr_vector     0x08000000      0x1c4
                0x08000000                        . = ALIGN (0x4)
 *(.isr_vector)
 .isr_vector    0x08000000      0x1c4 ./Core/Startup/startup_stm32f446retx.o
                0x08000000                g_pfnVectors
                0x080001c4                        . = ALIGN (0x4)

.text           0x080001c8     0x61c4
                0x080001c8                        . = ALIGN (0x4)
 *(.text)
 .text          0x080001c8       0x40 C:/ST/STM32CubeIDE_1.18.0/STM32CubeIDE/plugins/com.st.stm32cube.ide.mcu.externaltools.gnu-tools-for-stm32.13.3.rel1.win32_1.0.0.202411081344/tools/bin/../lib/gcc/arm-none-eabi/13.3.1/thumb/v7e-m+fp/hard/crtbegin.o
 .text          0x08000208      0x378 C:/ST/STM32CubeIDE_1.18.0/STM32CubeIDE/plugins/com.st.stm32cube.ide.mcu.externaltools.gnu-tools-for-stm32.13.3.rel1.win32_1.0.0.202411081344/tools/bin/../lib/gcc/arm-none-eabi/13.3.1/thumb/v7e-m+fp/hard\libgcc.a(_arm_addsubdf3.o)
                0x08000208                __aeabi_drsub
                0x08000210                __aeabi_dsub
                0x08000210                __subdf3
                0x08000214                __aeabi_dadd
                0x08000214                __adddf3
                0x0800048c                __floatunsidf
                0x0800048c                __aeabi_ui2d
                0x080004ac                __floatsidf
                0x080004ac                __aeabi_i2d
                0x080004d0                __aeabi_f2d
                0x080004d0                __extendsfdf2
                0x08000514                __floatundidf
                0x08000514                __aeabi_ul2d
                0x08000524                __floatdidf
                0x08000524                __aeabi_l2d
 .text          0x08000580      0x424 C:/ST/STM32CubeIDE_1.18.0/STM32CubeIDE/plugins/com.st.stm32cube.ide.mcu.externaltools.gnu-tools-for-stm32.13.3.rel1.win32_1.0.0.202411081344/tools/bin/../lib/gcc/arm-none-eabi/13.3.1/thumb/v7e-m+fp/hard\libgcc.a(_arm_muldivdf3.o)
                0x08000580                __aeabi_dmul
                0x08000580                __muldf3
                0x080007d4                __divdf3
                0x080007d4                __aeabi_ddiv
 .text          0x080009a4       0xa0 C:/ST/STM32CubeIDE_1.18.0/STM32CubeIDE/plugins/com.st.stm32cube.ide.mcu.externaltools.gnu-tools-for-stm32.13.3.rel1.win32_1.0.0.202411081344/tools/bin/../lib/gcc/arm-none-eabi/13.3.1/thumb/v7e-m+fp/hard\libgcc.a(_arm_truncdfsf2.o)
                0x080009a4                __truncdfsf2
                0x080009a4                __aeabi_d2f
 .text          0x08000a44       0x30 C:/ST/STM32CubeIDE_1.18.0/STM32CubeIDE/plugins/com.st.stm32cube.ide.mcu.externaltools.gnu-tools-for-stm32.13.3.rel1.win32_1.0.0.202411081344/tools/bin/../lib/gcc/arm-none-eabi/13.3.1/thumb/v7e-m+fp/hard\libgcc.a(_aeabi_uldivmod.o)
                0x08000a44                __aeabi_uldivmod
 .text          0x08000a74      0x2f8 C:/ST/STM32CubeIDE_1.18.0/STM32CubeIDE/plugins/com.st.stm32cube.ide.mcu.externaltools.gnu-tools-for-stm32.13.3.rel1.win32_1.0.0.202411081344/tools/bin/../lib/gcc/arm-none-eabi/13.3.1/thumb/v7e-m+fp/hard\libgcc.a(_udivmoddi4.o)
                0x08000a74                __udivmoddi4
 .text          0x08000d6c        0x4 C:/ST/STM32CubeIDE_1.18.0/STM32CubeIDE/plugins/com.st.stm32cube.ide.mcu.externaltools.gnu-tools-for-stm32.13.3.rel1.win32_1.0.0.202411081344/tools/bin/../lib/gcc/arm-none-eabi/13.3.1/thumb/v7e-m+fp/hard\libgcc.a(_dvmd_tls.o)
                0x08000d6c                __aeabi_idiv0
                0x08000d6c                __aeabi_ldiv0
 *(.text*)
 .text.pure_fft
                0x08000d70      0x2a8 ./Core/Src/main.o
                0x08000d70                pure_fft
 .text.Extract_Features_Pure
                0x08001018      0x24c ./Core/Src/main.o
                0x08001018                Extract_Features_Pure
 .text.main     0x08001264      0x288 ./Core/Src/main.o
                0x08001264                main
 .text.SystemClock_Config
                0x080014ec       0xe4 ./Core/Src/main.o
                0x080014ec                SystemClock_Config
 .text.MX_CRC_Init
                0x080015d0       0x28 ./Core/Src/main.o
 .text.MX_USART2_UART_Init
                0x080015f8       0x54 ./Core/Src/main.o
 .text.MX_GPIO_Init
                0x0800164c       0xdc ./Core/Src/main.o
 .text.Error_Handler
                0x08001728        0xc ./Core/Src/main.o
                0x08001728                Error_Handler
 .text.HAL_MspInit
                0x08001734       0x50 ./Core/Src/stm32f4xx_hal_msp.o
                0x08001734                HAL_MspInit
 .text.HAL_CRC_MspInit
                0x08001784       0x44 ./Core/Src/stm32f4xx_hal_msp.o
                0x08001784                HAL_CRC_MspInit
 .text.HAL_UART_MspInit
                0x080017c8       0x90 ./Core/Src/stm32f4xx_hal_msp.o
                0x080017c8                HAL_UART_MspInit
 .text.NMI_Handler
                0x08001858        0x8 ./Core/Src/stm32f4xx_it.o
                0x08001858                NMI_Handler
 .text.HardFault_Handler
                0x08001860        0x8 ./Core/Src/stm32f4xx_it.o
                0x08001860                HardFault_Handler
 .text.MemManage_Handler
                0x08001868        0x8 ./Core/Src/stm32f4xx_it.o
                0x08001868                MemManage_Handler
 .text.BusFault_Handler
                0x08001870        0x8 ./Core/Src/stm32f4xx_it.o
                0x08001870                BusFault_Handler
 .text.UsageFault_Handler
                0x08001878        0x8 ./Core/Src/stm32f4xx_it.o
                0x08001878                UsageFault_Handler
 .text.SVC_Handler
                0x08001880        0xe ./Core/Src/stm32f4xx_it.o
                0x08001880                SVC_Handler
 .text.DebugMon_Handler
                0x0800188e        0xe ./Core/Src/stm32f4xx_it.o
                0x0800188e                DebugMon_Handler
 .text.PendSV_Handler
                0x0800189c        0xe ./Core/Src/stm32f4xx_it.o
                0x0800189c                PendSV_Handler
 .text.SysTick_Handler
                0x080018aa        0xc ./Core/Src/stm32f4xx_it.o
                0x080018aa                SysTick_Handler
 *fill*         0x080018b6        0x2 
 .text.SystemInit
                0x080018b8       0x24 ./Core/Src/system_stm32f4xx.o
                0x080018b8                SystemInit
 .text.Reset_Handler
                0x080018dc       0x50 ./Core/Startup/startup_stm32f446retx.o
                0x080018dc                Reset_Handler
 .text.Default_Handler
                0x0800192c        0x2 ./Core/Startup/startup_stm32f446retx.o
                0x0800192c                RTC_Alarm_IRQHandler
                0x0800192c                EXTI2_IRQHandler
                0x0800192c                TIM8_CC_IRQHandler
                0x0800192c                FMPI2C1_EV_IRQHandler
                0x0800192c                SPI4_IRQHandler
                0x0800192c                TIM1_CC_IRQHandler
                0x0800192c                DMA2_Stream5_IRQHandler
                0x0800192c                DMA1_Stream5_IRQHandler
                0x0800192c                PVD_IRQHandler
                0x0800192c                SDIO_IRQHandler
                0x0800192c                TAMP_STAMP_IRQHandler
                0x0800192c                CAN2_RX1_IRQHandler
                0x0800192c                EXTI3_IRQHandler
                0x0800192c                TIM8_TRG_COM_TIM14_IRQHandler
                0x0800192c                TIM1_UP_TIM10_IRQHandler
                0x0800192c                TIM8_UP_TIM13_IRQHandler
                0x0800192c                I2C3_ER_IRQHandler
                0x0800192c                EXTI0_IRQHandler
                0x0800192c                I2C2_EV_IRQHandler
                0x0800192c                DMA1_Stream2_IRQHandler
                0x0800192c                CAN1_RX0_IRQHandler
                0x0800192c                FPU_IRQHandler
                0x0800192c                OTG_HS_WKUP_IRQHandler
                0x0800192c                CAN2_SCE_IRQHandler
                0x0800192c                DMA2_Stream2_IRQHandler
                0x0800192c                SPI1_IRQHandler
                0x0800192c                TIM6_DAC_IRQHandler
                0x0800192c                TIM1_BRK_TIM9_IRQHandler
                0x0800192c                DCMI_IRQHandler
                0x0800192c                CAN2_RX0_IRQHandler
                0x0800192c                DMA2_Stream3_IRQHandler
                0x0800192c                SAI2_IRQHandler
                0x0800192c                USART6_IRQHandler
                0x0800192c                USART3_IRQHandler
                0x0800192c                CAN1_RX1_IRQHandler
                0x0800192c                UART5_IRQHandler
                0x0800192c                DMA2_Stream0_IRQHandler
                0x0800192c                TIM4_IRQHandler
                0x0800192c                QUADSPI_IRQHandler
                0x0800192c                I2C1_EV_IRQHandler
                0x0800192c                DMA1_Stream6_IRQHandler
                0x0800192c                DMA1_Stream1_IRQHandler
                0x0800192c                UART4_IRQHandler
                0x0800192c                TIM3_IRQHandler
                0x0800192c                RCC_IRQHandler
                0x0800192c                TIM8_BRK_TIM12_IRQHandler
                0x0800192c                Default_Handler
                0x0800192c                CEC_IRQHandler
                0x0800192c                EXTI15_10_IRQHandler
                0x0800192c                ADC_IRQHandler
                0x0800192c                DMA1_Stream7_IRQHandler
                0x0800192c                TIM7_IRQHandler
                0x0800192c                CAN2_TX_IRQHandler
                0x0800192c                TIM5_IRQHandler
                0x0800192c                DMA2_Stream7_IRQHandler
                0x0800192c                I2C3_EV_IRQHandler
                0x0800192c                EXTI9_5_IRQHandler
                0x0800192c                RTC_WKUP_IRQHandler
                0x0800192c                SPDIF_RX_IRQHandler
                0x0800192c                SPI2_IRQHandler
                0x0800192c                OTG_HS_EP1_IN_IRQHandler
                0x0800192c                DMA1_Stream0_IRQHandler
                0x0800192c                CAN1_TX_IRQHandler
                0x0800192c                FMPI2C1_ER_IRQHandler
                0x0800192c                EXTI4_IRQHandler
                0x0800192c                OTG_HS_EP1_OUT_IRQHandler
                0x0800192c                WWDG_IRQHandler
                0x0800192c                TIM2_IRQHandler
                0x0800192c                OTG_FS_WKUP_IRQHandler
                0x0800192c                TIM1_TRG_COM_TIM11_IRQHandler
                0x0800192c                OTG_HS_IRQHandler
                0x0800192c                EXTI1_IRQHandler
                0x0800192c                USART2_IRQHandler
                0x0800192c                I2C2_ER_IRQHandler
                0x0800192c                DMA2_Stream1_IRQHandler
                0x0800192c                CAN1_SCE_IRQHandler
                0x0800192c                FLASH_IRQHandler
                0x0800192c                DMA2_Stream4_IRQHandler
                0x0800192c                USART1_IRQHandler
                0x0800192c                OTG_FS_IRQHandler
                0x0800192c                SPI3_IRQHandler
                0x0800192c                DMA1_Stream4_IRQHandler
                0x0800192c                I2C1_ER_IRQHandler
                0x0800192c                FMC_IRQHandler
                0x0800192c                DMA2_Stream6_IRQHandler
                0x0800192c                SAI1_IRQHandler
                0x0800192c                DMA1_Stream3_IRQHandler
 *fill*         0x0800192e        0x2 
 .text.HAL_Init
                0x08001930       0x44 ./Drivers/STM32F4xx_HAL_Driver/Src/stm32f4xx_hal.o
                0x08001930                HAL_Init
 .text.HAL_InitTick
                0x08001974       0x60 ./Drivers/STM32F4xx_HAL_Driver/Src/stm32f4xx_hal.o
                0x08001974                HAL_InitTick
 .text.HAL_IncTick
                0x080019d4       0x28 ./Drivers/STM32F4xx_HAL_Driver/Src/stm32f4xx_hal.o
                0x080019d4                HAL_IncTick
 .text.HAL_GetTick
                0x080019fc       0x18 ./Drivers/STM32F4xx_HAL_Driver/Src/stm32f4xx_hal.o
                0x080019fc                HAL_GetTick
 .text.__NVIC_SetPriorityGrouping
                0x08001a14       0x48 ./Drivers/STM32F4xx_HAL_Driver/Src/stm32f4xx_hal_cortex.o
 .text.__NVIC_GetPriorityGrouping
                0x08001a5c       0x1c ./Drivers/STM32F4xx_HAL_Driver/Src/stm32f4xx_hal_cortex.o
 .text.__NVIC_SetPriority
                0x08001a78       0x54 ./Drivers/STM32F4xx_HAL_Driver/Src/stm32f4xx_hal_cortex.o
 .text.NVIC_EncodePriority
                0x08001acc       0x66 ./Drivers/STM32F4xx_HAL_Driver/Src/stm32f4xx_hal_cortex.o
 *fill*         0x08001b32        0x2 
 .text.SysTick_Config
                0x08001b34       0x44 ./Drivers/STM32F4xx_HAL_Driver/Src/stm32f4xx_hal_cortex.o
 .text.HAL_NVIC_SetPriorityGrouping
                0x08001b78       0x16 ./Drivers/STM32F4xx_HAL_Driver/Src/stm32f4xx_hal_cortex.o
                0x08001b78                HAL_NVIC_SetPriorityGrouping
 .text.HAL_NVIC_SetPriority
                0x08001b8e       0x38 ./Drivers/STM32F4xx_HAL_Driver/Src/stm32f4xx_hal_cortex.o
                0x08001b8e                HAL_NVIC_SetPriority
 .text.HAL_SYSTICK_Config
                0x08001bc6       0x18 ./Drivers/STM32F4xx_HAL_Driver/Src/stm32f4xx_hal_cortex.o
                0x08001bc6                HAL_SYSTICK_Config
 .text.HAL_CRC_Init
                0x08001bde       0x38 ./Drivers/STM32F4xx_HAL_Driver/Src/stm32f4xx_hal_crc.o
                0x08001bde                HAL_CRC_Init
 *fill*         0x08001c16        0x2 
 .text.HAL_GPIO_Init
                0x08001c18      0x328 ./Drivers/STM32F4xx_HAL_Driver/Src/stm32f4xx_hal_gpio.o
                0x08001c18                HAL_GPIO_Init
 .text.HAL_GPIO_WritePin
                0x08001f40       0x32 ./Drivers/STM32F4xx_HAL_Driver/Src/stm32f4xx_hal_gpio.o
                0x08001f40                HAL_GPIO_WritePin
 *fill*         0x08001f72        0x2 
 .text.HAL_PWREx_EnableOverDrive
                0x08001f74       0xa0 ./Drivers/STM32F4xx_HAL_Driver/Src/stm32f4xx_hal_pwr_ex.o
                0x08001f74                HAL_PWREx_EnableOverDrive
 .text.HAL_RCC_ClockConfig
                0x08002014      0x1cc ./Drivers/STM32F4xx_HAL_Driver/Src/stm32f4xx_hal_rcc.o
                0x08002014                HAL_RCC_ClockConfig
 .text.HAL_RCC_GetHCLKFreq
                0x080021e0       0x18 ./Drivers/STM32F4xx_HAL_Driver/Src/stm32f4xx_hal_rcc.o
                0x080021e0                HAL_RCC_GetHCLKFreq
 .text.HAL_RCC_GetPCLK1Freq
                0x080021f8       0x28 ./Drivers/STM32F4xx_HAL_Driver/Src/stm32f4xx_hal_rcc.o
                0x080021f8                HAL_RCC_GetPCLK1Freq
 .text.HAL_RCC_GetPCLK2Freq
                0x08002220       0x28 ./Drivers/STM32F4xx_HAL_Driver/Src/stm32f4xx_hal_rcc.o
                0x08002220                HAL_RCC_GetPCLK2Freq
 .text.HAL_RCC_GetSysClockFreq
                0x08002248      0x460 ./Drivers/STM32F4xx_HAL_Driver/Src/stm32f4xx_hal_rcc_ex.o
                0x08002248                HAL_RCC_GetSysClockFreq
 .text.HAL_RCC_OscConfig
                0x080026a8      0x53c ./Drivers/STM32F4xx_HAL_Driver/Src/stm32f4xx_hal_rcc_ex.o
                0x080026a8                HAL_RCC_OscConfig
 .text.HAL_UART_Init
                0x08002be4       0xa0 ./Drivers/STM32F4xx_HAL_Driver/Src/stm32f4xx_hal_uart.o
                0x08002be4                HAL_UART_Init
 .text.HAL_UART_Receive
                0x08002c84      0x12e ./Drivers/STM32F4xx_HAL_Driver/Src/stm32f4xx_hal_uart.o
                0x08002c84                HAL_UART_Receive
 .text.UART_WaitOnFlagUntilTimeout
                0x08002db2       0xb2 ./Drivers/STM32F4xx_HAL_Driver/Src/stm32f4xx_hal_uart.o
 .text.UART_EndRxTransfer
                0x08002e64       0xc6 ./Drivers/STM32F4xx_HAL_Driver/Src/stm32f4xx_hal_uart.o
 *fill*         0x08002f2a        0x2 
 .text.UART_SetConfig
                0x08002f2c      0x4e8 ./Drivers/STM32F4xx_HAL_Driver/Src/stm32f4xx_hal_uart.o
 .text.network_configure_activations
                0x08003414       0xe8 ./X-CUBE-AI/App/network.o
 .text.network_configure_weights
                0x080034fc      0x130 ./X-CUBE-AI/App/network.o
 .text.ai_network_create
                0x0800362c       0x2c ./X-CUBE-AI/App/network.o
                0x0800362c                ai_network_create
 .text.ai_network_inputs_get
                0x08003658       0x34 ./X-CUBE-AI/App/network.o
                0x08003658                ai_network_inputs_get
 .text.ai_network_outputs_get
                0x0800368c       0x34 ./X-CUBE-AI/App/network.o
                0x0800368c                ai_network_outputs_get
 .text.ai_network_init
                0x080036c0       0x78 ./X-CUBE-AI/App/network.o
                0x080036c0                ai_network_init
 .text.ai_network_run
                0x08003738       0x20 ./X-CUBE-AI/App/network.o
                0x08003738                ai_network_run
 .text.ai_network_data_activations_buffer_get
                0x08003758       0x68 ./X-CUBE-AI/App/network_data.o
                0x08003758                ai_network_data_activations_buffer_get
 .text.ai_network_data_weights_buffer_get
                0x080037c0       0x68 ./X-CUBE-AI/App/network_data.o
                0x080037c0                ai_network_data_weights_buffer_get
 .text.ai_network_data_weights_get
                0x08003828       0x14 ./X-CUBE-AI/App/network_data.o
                0x08003828                ai_network_data_weights_get
 .text.ai_buffer_get_size
                0x0800383c       0x64 ../Middlewares/ST/AI/Lib\NetworkRuntime1020_CM4_GCC.a(ai_platform.o)
                0x0800383c                ai_buffer_get_size
 .text.ai_buffer_array_sane
                0x080038a0       0x14 ../Middlewares/ST/AI/Lib\NetworkRuntime1020_CM4_GCC.a(ai_platform.o)
                0x080038a0                ai_buffer_array_sane
 .text.ai_platform_get_weights_map
                0x080038b4       0xa4 ../Middlewares/ST/AI/Lib\NetworkRuntime1020_CM4_GCC.a(ai_platform_interface.o)
                0x080038b4                ai_platform_get_weights_map
 .text.ai_platform_get_activations_map
                0x08003958       0xa8 ../Middlewares/ST/AI/Lib\NetworkRuntime1020_CM4_GCC.a(ai_platform_interface.o)
                0x08003958                ai_platform_get_activations_map
 .text.ai_platform_network_set_error
                0x08003a00        0xc ../Middlewares/ST/AI/Lib\NetworkRuntime1020_CM4_GCC.a(ai_platform_interface.o)
                0x08003a00                ai_platform_network_set_error
 .text.ai_platform_inputs_get
                0x08003a0c       0xec ../Middlewares/ST/AI/Lib\NetworkRuntime1020_CM4_GCC.a(ai_platform_interface.o)
                0x08003a0c                ai_platform_inputs_get
 .text.ai_platform_outputs_get
                0x08003af8       0xe4 ../Middlewares/ST/AI/Lib\NetworkRuntime1020_CM4_GCC.a(ai_platform_interface.o)
                0x08003af8                ai_platform_outputs_get
 .text.ai_platform_network_create
                0x08003bdc       0x84 ../Middlewares/ST/AI/Lib\NetworkRuntime1020_CM4_GCC.a(ai_platform_interface.o)
                0x08003bdc                ai_platform_network_create
 .text.ai_platform_network_init
                0x08003c60      0x130 ../Middlewares/ST/AI/Lib\NetworkRuntime1020_CM4_GCC.a(ai_platform_interface.o)
                0x08003c60                ai_platform_network_init
 .text.ai_platform_network_post_init
                0x08003d90       0x5c ../Middlewares/ST/AI/Lib\NetworkRuntime1020_CM4_GCC.a(ai_platform_interface.o)
                0x08003d90                ai_platform_network_post_init
 .text.ai_platform_network_process
                0x08003dec      0x438 ../Middlewares/ST/AI/Lib\NetworkRuntime1020_CM4_GCC.a(ai_platform_interface.o)
                0x08003dec                ai_platform_network_process
 .text.core_init
                0x08004224        0x4 ../Middlewares/ST/AI/Lib\NetworkRuntime1020_CM4_GCC.a(core_common.o)
                0x08004224                core_init
 .text.core_set_error
                0x08004228       0x18 ../Middlewares/ST/AI/Lib\NetworkRuntime1020_CM4_GCC.a(core_common.o)
                0x08004228                core_set_error
 .text.ai_check_custom_types
                0x08004240       0x54 ../Middlewares/ST/AI/Lib\NetworkRuntime1020_CM4_GCC.a(layers.o)
                0x08004240                ai_check_custom_types
 .text.ai_layers_init_all
                0x08004294       0x20 ../Middlewares/ST/AI/Lib\NetworkRuntime1020_CM4_GCC.a(layers.o)
                0x08004294                ai_layers_init_all
 .text.ai_layers_post_init_all
                0x080042b4       0x3c ../Middlewares/ST/AI/Lib\NetworkRuntime1020_CM4_GCC.a(layers.o)
                0x080042b4                ai_layers_post_init_all
 .text.ai_layers_forward_all
                0x080042f0       0x90 ../Middlewares/ST/AI/Lib\NetworkRuntime1020_CM4_GCC.a(layers.o)
                0x080042f0                ai_layers_forward_all
 .text.forward_dense
                0x08004380      0x100 ../Middlewares/ST/AI/Lib\NetworkRuntime1020_CM4_GCC.a(layers_conv2d_generic_float.o)
                0x08004380                forward_dense
 .text.forward_relu
                0x08004480      0x134 ../Middlewares/ST/AI/Lib\NetworkRuntime1020_CM4_GCC.a(layers_nl_generic_float.o)
                0x08004480                forward_relu
 .text.forward_sm
                0x080045b4       0x84 ../Middlewares/ST/AI/Lib\NetworkRuntime1020_CM4_GCC.a(layers_nl_generic_float.o)
                0x080045b4                forward_sm
 .text.forward_lite_nl_softmax_if32of32_kernel
                0x08004638       0xf0 ../Middlewares/ST/AI/Lib\NetworkRuntime1020_CM4_GCC.a(lite_nl_softmax_if32of32.o)
                0x08004638                forward_lite_nl_softmax_if32of32_kernel
 .text.forward_lite_nl_relu_generic_if32of32_kernel
                0x08004728       0xf0 ../Middlewares/ST/AI/Lib\NetworkRuntime1020_CM4_GCC.a(lite_nl_relu_if32of32.o)
                0x08004728                forward_lite_nl_relu_generic_if32of32_kernel
 .text.forward_lite_dense_if32of32wf32
                0x08004818      0x2ac ../Middlewares/ST/AI/Lib\NetworkRuntime1020_CM4_GCC.a(lite_dense_if32.o)
                0x08004818                forward_lite_dense_if32of32wf32
 .text.forward_lite_dense_if32of32wf32_lut4
                0x08004ac4      0x288 ../Middlewares/ST/AI/Lib\NetworkRuntime1020_CM4_GCC.a(lite_dense_if32.o)
                0x08004ac4                forward_lite_dense_if32of32wf32_lut4
 .text.forward_lite_dense_if32of32wf32_lut8
                0x08004d4c      0x298 ../Middlewares/ST/AI/Lib\NetworkRuntime1020_CM4_GCC.a(lite_dense_if32.o)
                0x08004d4c                forward_lite_dense_if32of32wf32_lut8
 .text.forward_lite_nl_softmax_if32of32
                0x08004fe4       0x64 ../Middlewares/ST/AI/Lib\NetworkRuntime1020_CM4_GCC.a(lite_nl_generic_float.o)
                0x08004fe4                forward_lite_nl_softmax_if32of32
 .text.st_int8_copy
                0x08005048      0x13c ../Middlewares/ST/AI/Lib\NetworkRuntime1020_CM4_GCC.a(st_int8_fill.o)
                0x08005048                st_int8_copy
 .text.ai_array_to_buffer_fmt
                0x08005184       0xe0 ../Middlewares/ST/AI/Lib\NetworkRuntime1020_CM4_GCC.a(ai_datatypes_format.o)
                0x08005184                ai_array_to_buffer_fmt
 .text.ai_array_get_data_byte_size
                0x08005264       0x24 ../Middlewares/ST/AI/Lib\NetworkRuntime1020_CM4_GCC.a(ai_datatypes_format.o)
                0x08005264                ai_array_get_data_byte_size
 .text.ai_version_get
                0x08005288        0xc ../Middlewares/ST/AI/Lib\NetworkRuntime1020_CM4_GCC.a(ai_datatypes_internal.o)
                0x08005288                ai_version_get
 .text.get_tensor_byte_size
                0x08005294       0x30 ../Middlewares/ST/AI/Lib\NetworkRuntime1020_CM4_GCC.a(ai_datatypes_internal.o)
                0x08005294                get_tensor_byte_size
 .text.memset   0x080052c4       0x10 C:/ST/STM32CubeIDE_1.18.0/STM32CubeIDE/plugins/com.st.stm32cube.ide.mcu.externaltools.gnu-tools-for-stm32.13.3.rel1.win32_1.0.0.202411081344/tools/bin/../lib/gcc/arm-none-eabi/13.3.1/../../../../arm-none-eabi/lib/thumb/v7e-m+fp/hard\libc_nano.a(libc_a-memset.o)
                0x080052c4                memset
 .text.__errno  0x080052d4        0xc C:/ST/STM32CubeIDE_1.18.0/STM32CubeIDE/plugins/com.st.stm32cube.ide.mcu.externaltools.gnu-tools-for-stm32.13.3.rel1.win32_1.0.0.202411081344/tools/bin/../lib/gcc/arm-none-eabi/13.3.1/../../../../arm-none-eabi/lib/thumb/v7e-m+fp/hard\libc_nano.a(libc_a-errno.o)
                0x080052d4                __errno
 .text.__libc_init_array
                0x080052e0       0x48 C:/ST/STM32CubeIDE_1.18.0/STM32CubeIDE/plugins/com.st.stm32cube.ide.mcu.externaltools.gnu-tools-for-stm32.13.3.rel1.win32_1.0.0.202411081344/tools/bin/../lib/gcc/arm-none-eabi/13.3.1/../../../../arm-none-eabi/lib/thumb/v7e-m+fp/hard\libc_nano.a(libc_a-init.o)
                0x080052e0                __libc_init_array
 .text.expf     0x08005328       0x6c C:/ST/STM32CubeIDE_1.18.0/STM32CubeIDE/plugins/com.st.stm32cube.ide.mcu.externaltools.gnu-tools-for-stm32.13.3.rel1.win32_1.0.0.202411081344/tools/bin/../lib/gcc/arm-none-eabi/13.3.1/../../../../arm-none-eabi/lib/thumb/v7e-m+fp/hard\libm.a(libm_a-wf_exp.o)
                0x08005328                expf
 .text.log10f   0x08005394       0x5c C:/ST/STM32CubeIDE_1.18.0/STM32CubeIDE/plugins/com.st.stm32cube.ide.mcu.externaltools.gnu-tools-for-stm32.13.3.rel1.win32_1.0.0.202411081344/tools/bin/../lib/gcc/arm-none-eabi/13.3.1/../../../../arm-none-eabi/lib/thumb/v7e-m+fp/hard\libm.a(libm_a-wf_log10.o)
                0x08005394                log10f
 .text.cosf     0x080053f0       0x88 C:/ST/STM32CubeIDE_1.18.0/STM32CubeIDE/plugins/com.st.stm32cube.ide.mcu.externaltools.gnu-tools-for-stm32.13.3.rel1.win32_1.0.0.202411081344/tools/bin/../lib/gcc/arm-none-eabi/13.3.1/../../../../arm-none-eabi/lib/thumb/v7e-m+fp/hard\libm.a(libm_a-sf_cos.o)
                0x080053f0                cosf
 .text.fabsf    0x08005478        0xe C:/ST/STM32CubeIDE_1.18.0/STM32CubeIDE/plugins/com.st.stm32cube.ide.mcu.externaltools.gnu-tools-for-stm32.13.3.rel1.win32_1.0.0.202411081344/tools/bin/../lib/gcc/arm-none-eabi/13.3.1/../../../../arm-none-eabi/lib/thumb/v7e-m+fp/hard\libm.a(libm_a-sf_fabs.o)
                0x08005478                fabsf
 *fill*         0x08005486        0x2 
 .text.sinf     0x08005488       0x8c C:/ST/STM32CubeIDE_1.18.0/STM32CubeIDE/plugins/com.st.stm32cube.ide.mcu.externaltools.gnu-tools-for-stm32.13.3.rel1.win32_1.0.0.202411081344/tools/bin/../lib/gcc/arm-none-eabi/13.3.1/../../../../arm-none-eabi/lib/thumb/v7e-m+fp/hard\libm.a(libm_a-sf_sin.o)
                0x08005488                sinf
 .text.finitef  0x08005514       0x14 C:/ST/STM32CubeIDE_1.18.0/STM32CubeIDE/plugins/com.st.stm32cube.ide.mcu.externaltools.gnu-tools-for-stm32.13.3.rel1.win32_1.0.0.202411081344/tools/bin/../lib/gcc/arm-none-eabi/13.3.1/../../../../arm-none-eabi/lib/thumb/v7e-m+fp/hard\libm.a(libm_a-sf_finite.o)
                0x08005514                finitef
 .text.nanf     0x08005528        0xc C:/ST/STM32CubeIDE_1.18.0/STM32CubeIDE/plugins/com.st.stm32cube.ide.mcu.externaltools.gnu-tools-for-stm32.13.3.rel1.win32_1.0.0.202411081344/tools/bin/../lib/gcc/arm-none-eabi/13.3.1/../../../../arm-none-eabi/lib/thumb/v7e-m+fp/hard\libm.a(libm_a-sf_nan.o)
                0x08005528                nanf
 .text.with_errnof
                0x08005534       0x1c C:/ST/STM32CubeIDE_1.18.0/STM32CubeIDE/plugins/com.st.stm32cube.ide.mcu.externaltools.gnu-tools-for-stm32.13.3.rel1.win32_1.0.0.202411081344/tools/bin/../lib/gcc/arm-none-eabi/13.3.1/../../../../arm-none-eabi/lib/thumb/v7e-m+fp/hard\libm.a(libm_a-math_errf.o)
 .text.xflowf   0x08005550       0x16 C:/ST/STM32CubeIDE_1.18.0/STM32CubeIDE/plugins/com.st.stm32cube.ide.mcu.externaltools.gnu-tools-for-stm32.13.3.rel1.win32_1.0.0.202411081344/tools/bin/../lib/gcc/arm-none-eabi/13.3.1/../../../../arm-none-eabi/lib/thumb/v7e-m+fp/hard\libm.a(libm_a-math_errf.o)
 *fill*         0x08005566        0x2 
 .text.__math_uflowf
                0x08005568        0xc C:/ST/STM32CubeIDE_1.18.0/STM32CubeIDE/plugins/com.st.stm32cube.ide.mcu.externaltools.gnu-tools-for-stm32.13.3.rel1.win32_1.0.0.202411081344/tools/bin/../lib/gcc/arm-none-eabi/13.3.1/../../../../arm-none-eabi/lib/thumb/v7e-m+fp/hard\libm.a(libm_a-math_errf.o)
                0x08005568                __math_uflowf
 .text.__math_oflowf
                0x08005574        0xc C:/ST/STM32CubeIDE_1.18.0/STM32CubeIDE/plugins/com.st.stm32cube.ide.mcu.externaltools.gnu-tools-for-stm32.13.3.rel1.win32_1.0.0.202411081344/tools/bin/../lib/gcc/arm-none-eabi/13.3.1/../../../../arm-none-eabi/lib/thumb/v7e-m+fp/hard\libm.a(libm_a-math_errf.o)
                0x08005574                __math_oflowf
 .text.floorf   0x08005580       0x88 C:/ST/STM32CubeIDE_1.18.0/STM32CubeIDE/plugins/com.st.stm32cube.ide.mcu.externaltools.gnu-tools-for-stm32.13.3.rel1.win32_1.0.0.202411081344/tools/bin/../lib/gcc/arm-none-eabi/13.3.1/../../../../arm-none-eabi/lib/thumb/v7e-m+fp/hard\libm.a(libm_a-sf_floor.o)
                0x08005580                floorf
 .text.__kernel_cosf
                0x08005608       0xb0 C:/ST/STM32CubeIDE_1.18.0/STM32CubeIDE/plugins/com.st.stm32cube.ide.mcu.externaltools.gnu-tools-for-stm32.13.3.rel1.win32_1.0.0.202411081344/tools/bin/../lib/gcc/arm-none-eabi/13.3.1/../../../../arm-none-eabi/lib/thumb/v7e-m+fp/hard\libm.a(libm_a-kf_cos.o)
                0x08005608                __kernel_cosf
 .text.__kernel_sinf
                0x080056b8       0x90 C:/ST/STM32CubeIDE_1.18.0/STM32CubeIDE/plugins/com.st.stm32cube.ide.mcu.externaltools.gnu-tools-for-stm32.13.3.rel1.win32_1.0.0.202411081344/tools/bin/../lib/gcc/arm-none-eabi/13.3.1/../../../../arm-none-eabi/lib/thumb/v7e-m+fp/hard\libm.a(libm_a-kf_sin.o)
                0x080056b8                __kernel_sinf
 .text.__ieee754_expf
                0x08005748      0x19c C:/ST/STM32CubeIDE_1.18.0/STM32CubeIDE/plugins/com.st.stm32cube.ide.mcu.externaltools.gnu-tools-for-stm32.13.3.rel1.win32_1.0.0.202411081344/tools/bin/../lib/gcc/arm-none-eabi/13.3.1/../../../../arm-none-eabi/lib/thumb/v7e-m+fp/hard\libm.a(libm_a-ef_exp.o)
                0x08005748                __ieee754_expf
 .text.__ieee754_logf
                0x080058e4      0x1e4 C:/ST/STM32CubeIDE_1.18.0/STM32CubeIDE/plugins/com.st.stm32cube.ide.mcu.externaltools.gnu-tools-for-stm32.13.3.rel1.win32_1.0.0.202411081344/tools/bin/../lib/gcc/arm-none-eabi/13.3.1/../../../../arm-none-eabi/lib/thumb/v7e-m+fp/hard\libm.a(libm_a-ef_log.o)
                0x080058e4                __ieee754_logf
 .text.__ieee754_log10f
                0x08005ac8       0xb0 C:/ST/STM32CubeIDE_1.18.0/STM32CubeIDE/plugins/com.st.stm32cube.ide.mcu.externaltools.gnu-tools-for-stm32.13.3.rel1.win32_1.0.0.202411081344/tools/bin/../lib/gcc/arm-none-eabi/13.3.1/../../../../arm-none-eabi/lib/thumb/v7e-m+fp/hard\libm.a(libm_a-ef_log10.o)
                0x08005ac8                __ieee754_log10f
 .text.__ieee754_rem_pio2f
                0x08005b78      0x260 C:/ST/STM32CubeIDE_1.18.0/STM32CubeIDE/plugins/com.st.stm32cube.ide.mcu.externaltools.gnu-tools-for-stm32.13.3.rel1.win32_1.0.0.202411081344/tools/bin/../lib/gcc/arm-none-eabi/13.3.1/../../../../arm-none-eabi/lib/thumb/v7e-m+fp/hard\libm.a(libm_a-ef_rem_pio2.o)
                0x08005b78                __ieee754_rem_pio2f
 .text.scalbnf  0x08005dd8       0xcc C:/ST/STM32CubeIDE_1.18.0/STM32CubeIDE/plugins/com.st.stm32cube.ide.mcu.externaltools.gnu-tools-for-stm32.13.3.rel1.win32_1.0.0.202411081344/tools/bin/../lib/gcc/arm-none-eabi/13.3.1/../../../../arm-none-eabi/lib/thumb/v7e-m+fp/hard\libm.a(libm_a-sf_scalbn.o)
                0x08005dd8                scalbnf
 .text.__kernel_rem_pio2f
                0x08005ea4      0x4d0 C:/ST/STM32CubeIDE_1.18.0/STM32CubeIDE/plugins/com.st.stm32cube.ide.mcu.externaltools.gnu-tools-for-stm32.13.3.rel1.win32_1.0.0.202411081344/tools/bin/../lib/gcc/arm-none-eabi/13.3.1/../../../../arm-none-eabi/lib/thumb/v7e-m+fp/hard\libm.a(libm_a-kf_rem_pio2.o)
                0x08005ea4                __kernel_rem_pio2f
 *(.glue_7)
 .glue_7        0x08006374        0x0 linker stubs
 *(.glue_7t)
 .glue_7t       0x08006374        0x0 linker stubs
 *(.eh_frame)
 .eh_frame      0x08006374        0x0 C:/ST/STM32CubeIDE_1.18.0/STM32CubeIDE/plugins/com.st.stm32cube.ide.mcu.externaltools.gnu-tools-for-stm32.13.3.rel1.win32_1.0.0.202411081344/tools/bin/../lib/gcc/arm-none-eabi/13.3.1/thumb/v7e-m+fp/hard/crtbegin.o
 *(.init)
 .init          0x08006374        0x4 C:/ST/STM32CubeIDE_1.18.0/STM32CubeIDE/plugins/com.st.stm32cube.ide.mcu.externaltools.gnu-tools-for-stm32.13.3.rel1.win32_1.0.0.202411081344/tools/bin/../lib/gcc/arm-none-eabi/13.3.1/thumb/v7e-m+fp/hard/crti.o
                0x08006374                _init
 .init          0x08006378        0x8 C:/ST/STM32CubeIDE_1.18.0/STM32CubeIDE/plugins/com.st.stm32cube.ide.mcu.externaltools.gnu-tools-for-stm32.13.3.rel1.win32_1.0.0.202411081344/tools/bin/../lib/gcc/arm-none-eabi/13.3.1/thumb/v7e-m+fp/hard/crtn.o
 *(.fini)
 .fini          0x08006380        0x4 C:/ST/STM32CubeIDE_1.18.0/STM32CubeIDE/plugins/com.st.stm32cube.ide.mcu.externaltools.gnu-tools-for-stm32.13.3.rel1.win32_1.0.0.202411081344/tools/bin/../lib/gcc/arm-none-eabi/13.3.1/thumb/v7e-m+fp/hard/crti.o
                0x08006380                _fini
 .fini          0x08006384        0x8 C:/ST/STM32CubeIDE_1.18.0/STM32CubeIDE/plugins/com.st.stm32cube.ide.mcu.externaltools.gnu-tools-for-stm32.13.3.rel1.win32_1.0.0.202411081344/tools/bin/../lib/gcc/arm-none-eabi/13.3.1/thumb/v7e-m+fp/hard/crtn.o
                0x0800638c                        . = ALIGN (0x4)
                0x0800638c                        _etext = .

.vfp11_veneer   0x0800638c        0x0
 .vfp11_veneer  0x0800638c        0x0 linker stubs

.v4_bx          0x0800638c        0x0
 .v4_bx         0x0800638c        0x0 linker stubs

.iplt           0x0800638c        0x0
 .iplt          0x0800638c        0x0 C:/ST/STM32CubeIDE_1.18.0/STM32CubeIDE/plugins/com.st.stm32cube.ide.mcu.externaltools.gnu-tools-for-stm32.13.3.rel1.win32_1.0.0.202411081344/tools/bin/../lib/gcc/arm-none-eabi/13.3.1/thumb/v7e-m+fp/hard/crtbegin.o

.rodata         0x080063a0    0x17c44
                0x080063a0                        . = ALIGN (0x4)
 *(.rodata)
 .rodata        0x080063a0       0x30 ./X-CUBE-AI/App/network_data.o
 *(.rodata*)
 .rodata.hamming_window
                0x080063d0     0x1000 ./Core/Src/main.o
                0x080063d0                hamming_window
 .rodata.mel_filters
                0x080073d0     0xa050 ./Core/Src/main.o
                0x080073d0                mel_filters
 .rodata.dct_matrix
                0x08011420      0x410 ./Core/Src/main.o
                0x08011420                dct_matrix
 .rodata.AHBPrescTable
                0x08011830       0x10 ./Core/Src/system_stm32f4xx.o
                0x08011830                AHBPrescTable
 .rodata.APBPrescTable
                0x08011840        0x8 ./Core/Src/system_stm32f4xx.o
                0x08011840                APBPrescTable
 .rodata.nl_3_chain
                0x08011848        0x8 ./X-CUBE-AI/App/network.o
 .rodata.gemm_2_chain
                0x08011850        0x8 ./X-CUBE-AI/App/network.o
 .rodata.nl_1_nl_chain
                0x08011858        0x8 ./X-CUBE-AI/App/network.o
 .rodata.gemm_1_chain
                0x08011860        0x8 ./X-CUBE-AI/App/network.o
 .rodata.nl_0_nl_chain
                0x08011868        0x8 ./X-CUBE-AI/App/network.o
 .rodata.gemm_0_chain
                0x08011870        0x8 ./X-CUBE-AI/App/network.o
 *fill*         0x08011878        0x8 
 .rodata.s_network_weights_array_u64
                0x08011880     0xc378 ./X-CUBE-AI/App/network_data_params.o
                0x08011880                s_network_weights_array_u64
 .rodata.log10f.str1.1
                0x0801dbf8        0x1 C:/ST/STM32CubeIDE_1.18.0/STM32CubeIDE/plugins/com.st.stm32cube.ide.mcu.externaltools.gnu-tools-for-stm32.13.3.rel1.win32_1.0.0.202411081344/tools/bin/../lib/gcc/arm-none-eabi/13.3.1/../../../../arm-none-eabi/lib/thumb/v7e-m+fp/hard\libm.a(libm_a-wf_log10.o)
 *fill*         0x0801dbf9        0x3 
 .rodata.ln2LO  0x0801dbfc        0x8 C:/ST/STM32CubeIDE_1.18.0/STM32CubeIDE/plugins/com.st.stm32cube.ide.mcu.externaltools.gnu-tools-for-stm32.13.3.rel1.win32_1.0.0.202411081344/tools/bin/../lib/gcc/arm-none-eabi/13.3.1/../../../../arm-none-eabi/lib/thumb/v7e-m+fp/hard\libm.a(libm_a-ef_exp.o)
 .rodata.ln2HI  0x0801dc04        0x8 C:/ST/STM32CubeIDE_1.18.0/STM32CubeIDE/plugins/com.st.stm32cube.ide.mcu.externaltools.gnu-tools-for-stm32.13.3.rel1.win32_1.0.0.202411081344/tools/bin/../lib/gcc/arm-none-eabi/13.3.1/../../../../arm-none-eabi/lib/thumb/v7e-m+fp/hard\libm.a(libm_a-ef_exp.o)
 .rodata.halF   0x0801dc0c        0x8 C:/ST/STM32CubeIDE_1.18.0/STM32CubeIDE/plugins/com.st.stm32cube.ide.mcu.externaltools.gnu-tools-for-stm32.13.3.rel1.win32_1.0.0.202411081344/tools/bin/../lib/gcc/arm-none-eabi/13.3.1/../../../../arm-none-eabi/lib/thumb/v7e-m+fp/hard\libm.a(libm_a-ef_exp.o)
 .rodata.npio2_hw
                0x0801dc14       0x80 C:/ST/STM32CubeIDE_1.18.0/STM32CubeIDE/plugins/com.st.stm32cube.ide.mcu.externaltools.gnu-tools-for-stm32.13.3.rel1.win32_1.0.0.202411081344/tools/bin/../lib/gcc/arm-none-eabi/13.3.1/../../../../arm-none-eabi/lib/thumb/v7e-m+fp/hard\libm.a(libm_a-ef_rem_pio2.o)
 .rodata.two_over_pi
                0x0801dc94      0x318 C:/ST/STM32CubeIDE_1.18.0/STM32CubeIDE/plugins/com.st.stm32cube.ide.mcu.externaltools.gnu-tools-for-stm32.13.3.rel1.win32_1.0.0.202411081344/tools/bin/../lib/gcc/arm-none-eabi/13.3.1/../../../../arm-none-eabi/lib/thumb/v7e-m+fp/hard\libm.a(libm_a-ef_rem_pio2.o)
 .rodata.PIo2   0x0801dfac       0x2c C:/ST/STM32CubeIDE_1.18.0/STM32CubeIDE/plugins/com.st.stm32cube.ide.mcu.externaltools.gnu-tools-for-stm32.13.3.rel1.win32_1.0.0.202411081344/tools/bin/../lib/gcc/arm-none-eabi/13.3.1/../../../../arm-none-eabi/lib/thumb/v7e-m+fp/hard\libm.a(libm_a-kf_rem_pio2.o)
 .rodata.init_jk
                0x0801dfd8        0xc C:/ST/STM32CubeIDE_1.18.0/STM32CubeIDE/plugins/com.st.stm32cube.ide.mcu.externaltools.gnu-tools-for-stm32.13.3.rel1.win32_1.0.0.202411081344/tools/bin/../lib/gcc/arm-none-eabi/13.3.1/../../../../arm-none-eabi/lib/thumb/v7e-m+fp/hard\libm.a(libm_a-kf_rem_pio2.o)
                0x0801dfe4                        . = ALIGN (0x4)

.ARM.extab      0x0801dfe4        0x0
                0x0801dfe4                        . = ALIGN (0x4)
 *(.ARM.extab* .gnu.linkonce.armextab.*)
                0x0801dfe4                        . = ALIGN (0x4)

.ARM            0x0801dfe4        0x8
                0x0801dfe4                        . = ALIGN (0x4)
                0x0801dfe4                        __exidx_start = .
 *(.ARM.exidx*)
 .ARM.exidx     0x0801dfe4        0x8 C:/ST/STM32CubeIDE_1.18.0/STM32CubeIDE/plugins/com.st.stm32cube.ide.mcu.externaltools.gnu-tools-for-stm32.13.3.rel1.win32_1.0.0.202411081344/tools/bin/../lib/gcc/arm-none-eabi/13.3.1/thumb/v7e-m+fp/hard\libgcc.a(_udivmoddi4.o)
                0x0801dfec                        __exidx_end = .
                0x0801dfec                        . = ALIGN (0x4)

.preinit_array  0x0801dfec        0x0
                0x0801dfec                        . = ALIGN (0x4)
                0x0801dfec                        PROVIDE (__preinit_array_start = .)
 *(.preinit_array*)
                0x0801dfec                        PROVIDE (__preinit_array_end = .)
                0x0801dfec                        . = ALIGN (0x4)

.init_array     0x0801dfec        0x4
                0x0801dfec                        . = ALIGN (0x4)
                0x0801dfec                        PROVIDE (__init_array_start = .)
 *(SORT_BY_NAME(.init_array.*))
 *(.init_array*)
 .init_array    0x0801dfec        0x4 C:/ST/STM32CubeIDE_1.18.0/STM32CubeIDE/plugins/com.st.stm32cube.ide.mcu.externaltools.gnu-tools-for-stm32.13.3.rel1.win32_1.0.0.202411081344/tools/bin/../lib/gcc/arm-none-eabi/13.3.1/thumb/v7e-m+fp/hard/crtbegin.o
                0x0801dff0                        PROVIDE (__init_array_end = .)
                0x0801dff0                        . = ALIGN (0x4)

.fini_array     0x0801dff0        0x4
                0x0801dff0                        . = ALIGN (0x4)
                [!provide]                        PROVIDE (__fini_array_start = .)
 *(SORT_BY_NAME(.fini_array.*))
 *(.fini_array*)
 .fini_array    0x0801dff0        0x4 C:/ST/STM32CubeIDE_1.18.0/STM32CubeIDE/plugins/com.st.stm32cube.ide.mcu.externaltools.gnu-tools-for-stm32.13.3.rel1.win32_1.0.0.202411081344/tools/bin/../lib/gcc/arm-none-eabi/13.3.1/thumb/v7e-m+fp/hard/crtbegin.o
                [!provide]                        PROVIDE (__fini_array_end = .)
                0x0801dff4                        . = ALIGN (0x4)
                0x0801dff4                        _sidata = LOADADDR (.data)

.rel.dyn        0x0801dff4        0x0
 .rel.iplt      0x0801dff4        0x0 C:/ST/STM32CubeIDE_1.18.0/STM32CubeIDE/plugins/com.st.stm32cube.ide.mcu.externaltools.gnu-tools-for-stm32.13.3.rel1.win32_1.0.0.202411081344/tools/bin/../lib/gcc/arm-none-eabi/13.3.1/thumb/v7e-m+fp/hard/crtbegin.o

.data           0x20000000      0x79c load address 0x0801dff4
                0x20000000                        . = ALIGN (0x4)
                0x20000000                        _sdata = .
 *(.data)
 *(.data*)
 .data.global_sonuc
                0x20000000        0x4 ./Core/Src/main.o
                0x20000000                global_sonuc
 .data.SystemCoreClock
                0x20000004        0x4 ./Core/Src/system_stm32f4xx.o
                0x20000004                SystemCoreClock
 .data.uwTickPrio
                0x20000008        0x4 ./Drivers/STM32F4xx_HAL_Driver/Src/stm32f4xx_hal.o
                0x20000008                uwTickPrio
 .data.uwTickFreq
                0x2000000c        0x1 ./Drivers/STM32F4xx_HAL_Driver/Src/stm32f4xx_hal.o
                0x2000000c                uwTickFreq
 *fill*         0x2000000d        0x3 
 .data.serving_default_keras_tensor0_output_array
                0x20000010       0x10 ./X-CUBE-AI/App/network.o
 .data.gemm_0_output_array
                0x20000020       0x10 ./X-CUBE-AI/App/network.o
 .data.nl_0_nl_output_array
                0x20000030       0x10 ./X-CUBE-AI/App/network.o
 .data.gemm_1_output_array
                0x20000040       0x10 ./X-CUBE-AI/App/network.o
 .data.nl_1_nl_output_array
                0x20000050       0x10 ./X-CUBE-AI/App/network.o
 .data.gemm_2_output_array
                0x20000060       0x10 ./X-CUBE-AI/App/network.o
 .data.nl_3_output_array
                0x20000070       0x10 ./X-CUBE-AI/App/network.o
 .data.gemm_0_weights_array
                0x20000080       0x10 ./X-CUBE-AI/App/network.o
 .data.gemm_0_bias_array
                0x20000090       0x10 ./X-CUBE-AI/App/network.o
 .data.gemm_1_weights_array
                0x200000a0       0x10 ./X-CUBE-AI/App/network.o
 .data.gemm_1_bias_array
                0x200000b0       0x10 ./X-CUBE-AI/App/network.o
 .data.gemm_2_weights_array
                0x200000c0       0x10 ./X-CUBE-AI/App/network.o
 .data.gemm_2_bias_array
                0x200000d0       0x10 ./X-CUBE-AI/App/network.o
 .data.__compound_literal.0
                0x200000e0       0x10 ./X-CUBE-AI/App/network.o
 .data.__compound_literal.1
                0x200000f0       0x10 ./X-CUBE-AI/App/network.o
 .data.gemm_0_bias
                0x20000100       0x1c ./X-CUBE-AI/App/network.o
 .data.__compound_literal.2
                0x2000011c       0x10 ./X-CUBE-AI/App/network.o
 .data.__compound_literal.3
                0x2000012c       0x10 ./X-CUBE-AI/App/network.o
 .data.gemm_0_output
                0x2000013c       0x1c ./X-CUBE-AI/App/network.o
 .data.__compound_literal.4
                0x20000158       0x10 ./X-CUBE-AI/App/network.o
 .data.__compound_literal.5
                0x20000168       0x10 ./X-CUBE-AI/App/network.o
 .data.gemm_0_weights
                0x20000178       0x1c ./X-CUBE-AI/App/network.o
 .data.__compound_literal.6
                0x20000194       0x10 ./X-CUBE-AI/App/network.o
 .data.__compound_literal.7
                0x200001a4       0x10 ./X-CUBE-AI/App/network.o
 .data.gemm_1_bias
                0x200001b4       0x1c ./X-CUBE-AI/App/network.o
 .data.__compound_literal.8
                0x200001d0       0x10 ./X-CUBE-AI/App/network.o
 .data.__compound_literal.9
                0x200001e0       0x10 ./X-CUBE-AI/App/network.o
 .data.gemm_1_output
                0x200001f0       0x1c ./X-CUBE-AI/App/network.o
 .data.__compound_literal.10
                0x2000020c       0x10 ./X-CUBE-AI/App/network.o
 .data.__compound_literal.11
                0x2000021c       0x10 ./X-CUBE-AI/App/network.o
 .data.gemm_1_weights
                0x2000022c       0x1c ./X-CUBE-AI/App/network.o
 .data.__compound_literal.12
                0x20000248       0x10 ./X-CUBE-AI/App/network.o
 .data.__compound_literal.13
                0x20000258       0x10 ./X-CUBE-AI/App/network.o
 .data.gemm_2_bias
                0x20000268       0x1c ./X-CUBE-AI/App/network.o
 .data.__compound_literal.14
                0x20000284       0x10 ./X-CUBE-AI/App/network.o
 .data.__compound_literal.15
                0x20000294       0x10 ./X-CUBE-AI/App/network.o
 .data.gemm_2_output
                0x200002a4       0x1c ./X-CUBE-AI/App/network.o
 .data.__compound_literal.16
                0x200002c0       0x10 ./X-CUBE-AI/App/network.o
 .data.__compound_literal.17
                0x200002d0       0x10 ./X-CUBE-AI/App/network.o
 .data.gemm_2_weights
                0x200002e0       0x1c ./X-CUBE-AI/App/network.o
 .data.__compound_literal.18
                0x200002fc       0x10 ./X-CUBE-AI/App/network.o
 .data.__compound_literal.19
                0x2000030c       0x10 ./X-CUBE-AI/App/network.o
 .data.nl_0_nl_output
                0x2000031c       0x1c ./X-CUBE-AI/App/network.o
 .data.__compound_literal.20
                0x20000338       0x10 ./X-CUBE-AI/App/network.o
 .data.__compound_literal.21
                0x20000348       0x10 ./X-CUBE-AI/App/network.o
 .data.nl_1_nl_output
                0x20000358       0x1c ./X-CUBE-AI/App/network.o
 .data.__compound_literal.22
                0x20000374       0x10 ./X-CUBE-AI/App/network.o
 .data.__compound_literal.23
                0x20000384       0x10 ./X-CUBE-AI/App/network.o
 .data.nl_3_output
                0x20000394       0x1c ./X-CUBE-AI/App/network.o
 .data.__compound_literal.24
                0x200003b0       0x10 ./X-CUBE-AI/App/network.o
 .data.__compound_literal.25
                0x200003c0       0x10 ./X-CUBE-AI/App/network.o
 .data.serving_default_keras_tensor0_output
                0x200003d0       0x1c ./X-CUBE-AI/App/network.o
 .data.__compound_literal.26
                0x200003ec        0x4 ./X-CUBE-AI/App/network.o
 .data.__compound_literal.27
                0x200003f0        0x4 ./X-CUBE-AI/App/network.o
 .data.__compound_literal.30
                0x200003f4       0x30 ./X-CUBE-AI/App/network.o
 .data.nl_3_layer
                0x20000424       0x24 ./X-CUBE-AI/App/network.o
 .data.__compound_literal.31
                0x20000448        0x4 ./X-CUBE-AI/App/network.o
 .data.__compound_literal.32
                0x2000044c        0x4 ./X-CUBE-AI/App/network.o
 .data.__compound_literal.33
                0x20000450        0x8 ./X-CUBE-AI/App/network.o
 .data.__compound_literal.35
                0x20000458       0x30 ./X-CUBE-AI/App/network.o
 .data.gemm_2_layer
                0x20000488       0x1c ./X-CUBE-AI/App/network.o
 .data.__compound_literal.36
                0x200004a4        0x4 ./X-CUBE-AI/App/network.o
 .data.__compound_literal.37
                0x200004a8        0x4 ./X-CUBE-AI/App/network.o
 .data.__compound_literal.40
                0x200004ac       0x30 ./X-CUBE-AI/App/network.o
 .data.nl_1_nl_layer
                0x200004dc       0x20 ./X-CUBE-AI/App/network.o
 .data.__compound_literal.41
                0x200004fc        0x4 ./X-CUBE-AI/App/network.o
 .data.__compound_literal.42
                0x20000500        0x4 ./X-CUBE-AI/App/network.o
 .data.__compound_literal.43
                0x20000504        0x8 ./X-CUBE-AI/App/network.o
 .data.__compound_literal.45
                0x2000050c       0x30 ./X-CUBE-AI/App/network.o
 .data.gemm_1_layer
                0x2000053c       0x1c ./X-CUBE-AI/App/network.o
 .data.__compound_literal.46
                0x20000558        0x4 ./X-CUBE-AI/App/network.o
 .data.__compound_literal.47
                0x2000055c        0x4 ./X-CUBE-AI/App/network.o
 .data.__compound_literal.50
                0x20000560       0x30 ./X-CUBE-AI/App/network.o
 .data.nl_0_nl_layer
                0x20000590       0x20 ./X-CUBE-AI/App/network.o
 .data.__compound_literal.51
                0x200005b0        0x4 ./X-CUBE-AI/App/network.o
 .data.__compound_literal.52
                0x200005b4        0x4 ./X-CUBE-AI/App/network.o
 .data.__compound_literal.53
                0x200005b8        0x8 ./X-CUBE-AI/App/network.o
 .data.__compound_literal.55
                0x200005c0       0x30 ./X-CUBE-AI/App/network.o
 .data.gemm_0_layer
                0x200005f0       0x1c ./X-CUBE-AI/App/network.o
 .data.__compound_literal.56
                0x2000060c       0x10 ./X-CUBE-AI/App/network.o
 .data.__compound_literal.57
                0x2000061c       0x1c ./X-CUBE-AI/App/network.o
 .data.__compound_literal.58
                0x20000638       0x10 ./X-CUBE-AI/App/network.o
 .data.__compound_literal.59
                0x20000648       0x1c ./X-CUBE-AI/App/network.o
 .data.__compound_literal.60
                0x20000664        0x4 ./X-CUBE-AI/App/network.o
 .data.__compound_literal.64
                0x20000668        0xc ./X-CUBE-AI/App/network.o
 .data.__compound_literal.65
                0x20000674        0x4 ./X-CUBE-AI/App/network.o
 .data.__compound_literal.69
                0x20000678        0xc ./X-CUBE-AI/App/network.o
 .data.__compound_literal.70
                0x20000684       0x18 ./X-CUBE-AI/App/network.o
 .data.g_network
                0x2000069c       0x4c ./X-CUBE-AI/App/network.o
 .data.__compound_literal.0
                0x200006e8       0x10 ./X-CUBE-AI/App/network_data.o
 .data.g_network_data_map_activations
                0x200006f8       0x1c ./X-CUBE-AI/App/network_data.o
                0x200006f8                g_network_data_map_activations
 .data.__compound_literal.1
                0x20000714       0x10 ./X-CUBE-AI/App/network_data.o
 .data.g_network_data_map_weights
                0x20000724       0x1c ./X-CUBE-AI/App/network_data.o
                0x20000724                g_network_data_map_weights
 .data.g_network_weights_table
                0x20000740        0xc ./X-CUBE-AI/App/network_data_params.o
                0x20000740                g_network_weights_table
 .data._impure_ptr
                0x2000074c        0x4 C:/ST/STM32CubeIDE_1.18.0/STM32CubeIDE/plugins/com.st.stm32cube.ide.mcu.externaltools.gnu-tools-for-stm32.13.3.rel1.win32_1.0.0.202411081344/tools/bin/../lib/gcc/arm-none-eabi/13.3.1/../../../../arm-none-eabi/lib/thumb/v7e-m+fp/hard\libc_nano.a(libc_a-impure.o)
                0x2000074c                _impure_ptr
 .data._impure_data
                0x20000750       0x4c C:/ST/STM32CubeIDE_1.18.0/STM32CubeIDE/plugins/com.st.stm32cube.ide.mcu.externaltools.gnu-tools-for-stm32.13.3.rel1.win32_1.0.0.202411081344/tools/bin/../lib/gcc/arm-none-eabi/13.3.1/../../../../arm-none-eabi/lib/thumb/v7e-m+fp/hard\libc_nano.a(libc_a-impure.o)
                0x20000750                _impure_data
 *(.RamFunc)
 *(.RamFunc*)
                0x2000079c                        . = ALIGN (0x4)
                0x2000079c                        _edata = .

.igot.plt       0x2000079c        0x0 load address 0x0801e790
 .igot.plt      0x2000079c        0x0 C:/ST/STM32CubeIDE_1.18.0/STM32CubeIDE/plugins/com.st.stm32cube.ide.mcu.externaltools.gnu-tools-for-stm32.13.3.rel1.win32_1.0.0.202411081344/tools/bin/../lib/gcc/arm-none-eabi/13.3.1/thumb/v7e-m+fp/hard/crtbegin.o
                0x2000079c                        . = ALIGN (0x4)

.bss            0x2000079c     0x8610 load address 0x0801e790
                0x2000079c                        _sbss = .
                0x2000079c                        __bss_start__ = _sbss
 *(.bss)
 .bss           0x2000079c       0x1c C:/ST/STM32CubeIDE_1.18.0/STM32CubeIDE/plugins/com.st.stm32cube.ide.mcu.externaltools.gnu-tools-for-stm32.13.3.rel1.win32_1.0.0.202411081344/tools/bin/../lib/gcc/arm-none-eabi/13.3.1/thumb/v7e-m+fp/hard/crtbegin.o
 *(.bss*)
 .bss.activation_data
                0x200007b8      0x320 ./Core/Src/main.o
                0x200007b8                activation_data
 .bss.ai_in_data
                0x20000ad8       0x34 ./Core/Src/main.o
                0x20000ad8                ai_in_data
 .bss.ai_out_data
                0x20000b0c       0x28 ./Core/Src/main.o
                0x20000b0c                ai_out_data
 .bss.network   0x20000b34        0x4 ./Core/Src/main.o
                0x20000b34                network
 .bss.global_sayac
                0x20000b38        0x4 ./Core/Src/main.o
                0x20000b38                global_sayac
 .bss.received_audio
                0x20000b3c     0x6000 ./Core/Src/main.o
                0x20000b3c                received_audio
 .bss.real_buf  0x20006b3c     0x1000 ./Core/Src/main.o
                0x20006b3c                real_buf
 .bss.imag_buf  0x20007b3c     0x1000 ./Core/Src/main.o
                0x20007b3c                imag_buf
 .bss.mel_buf   0x20008b3c       0x50 ./Core/Src/main.o
                0x20008b3c                mel_buf
 .bss.hcrc      0x20008b8c        0x8 ./Core/Src/main.o
                0x20008b8c                hcrc
 .bss.huart2    0x20008b94       0x48 ./Core/Src/main.o
                0x20008b94                huart2
 .bss.uwTick    0x20008bdc        0x4 ./Drivers/STM32F4xx_HAL_Driver/Src/stm32f4xx_hal.o
                0x20008bdc                uwTick
 .bss.g_network_activations_map
                0x20008be0        0x4 ./X-CUBE-AI/App/network.o
 .bss.g_network_weights_map
                0x20008be4        0x4 ./X-CUBE-AI/App/network.o
 .bss.__compound_literal.28
                0x20008be8        0x4 ./X-CUBE-AI/App/network.o
 .bss.__compound_literal.29
                0x20008bec        0x4 ./X-CUBE-AI/App/network.o
 .bss.__compound_literal.34
                0x20008bf0        0x4 ./X-CUBE-AI/App/network.o
 .bss.__compound_literal.38
                0x20008bf4        0x4 ./X-CUBE-AI/App/network.o
 .bss.__compound_literal.39
                0x20008bf8        0x4 ./X-CUBE-AI/App/network.o
 .bss.__compound_literal.44
                0x20008bfc        0x4 ./X-CUBE-AI/App/network.o
 .bss.__compound_literal.48
                0x20008c00        0x4 ./X-CUBE-AI/App/network.o
 .bss.__compound_literal.49
                0x20008c04        0x4 ./X-CUBE-AI/App/network.o
 .bss.__compound_literal.54
                0x20008c08        0x4 ./X-CUBE-AI/App/network.o
 .bss.__compound_literal.61
                0x20008c0c       0x1c ./X-CUBE-AI/App/network.o
 .bss.__compound_literal.62
                0x20008c28       0x10 ./X-CUBE-AI/App/network.o
 .bss.__compound_literal.63
                0x20008c38        0x8 ./X-CUBE-AI/App/network.o
 .bss.__compound_literal.66
                0x20008c40       0x1c ./X-CUBE-AI/App/network.o
 .bss.__compound_literal.67
                0x20008c5c       0x10 ./X-CUBE-AI/App/network.o
 .bss.__compound_literal.68
                0x20008c6c        0x8 ./X-CUBE-AI/App/network.o
 .bss.__sf      0x20008c74      0x138 C:/ST/STM32CubeIDE_1.18.0/STM32CubeIDE/plugins/com.st.stm32cube.ide.mcu.externaltools.gnu-tools-for-stm32.13.3.rel1.win32_1.0.0.202411081344/tools/bin/../lib/gcc/arm-none-eabi/13.3.1/../../../../arm-none-eabi/lib/thumb/v7e-m+fp/hard\libc_nano.a(libc_a-findfp.o)
                0x20008c74                __sf
 *(COMMON)
                0x20008dac                        . = ALIGN (0x4)
                0x20008dac                        _ebss = .
                0x20008dac                        __bss_end__ = _ebss

._user_heap_stack
                0x20008dac     0x1004 load address 0x0801e790
                0x20008db0                        . = ALIGN (0x8)
 *fill*         0x20008dac        0x4 
                [!provide]                        PROVIDE (end = .)
                0x20008db0                        PROVIDE (_end = .)
                0x200095b0                        . = (. + _Min_Heap_Size)
 *fill*         0x20008db0      0x800 
                0x20009db0                        . = (. + _Min_Stack_Size)
 *fill*         0x200095b0      0x800 
                0x20009db0                        . = ALIGN (0x8)

/DISCARD/
 libc.a(*)
 libm.a(*)
 libgcc.a(*)

.ARM.attributes
                0x00000000       0x30
 *(.ARM.attributes)
 .ARM.attributes
                0x00000000       0x22 C:/ST/STM32CubeIDE_1.18.0/STM32CubeIDE/plugins/com.st.stm32cube.ide.mcu.externaltools.gnu-tools-for-stm32.13.3.rel1.win32_1.0.0.202411081344/tools/bin/../lib/gcc/arm-none-eabi/13.3.1/thumb/v7e-m+fp/hard/crti.o
 .ARM.attributes
                0x00000022       0x34 C:/ST/STM32CubeIDE_1.18.0/STM32CubeIDE/plugins/com.st.stm32cube.ide.mcu.externaltools.gnu-tools-for-stm32.13.3.rel1.win32_1.0.0.202411081344/tools/bin/../lib/gcc/arm-none-eabi/13.3.1/thumb/v7e-m+fp/hard/crtbegin.o
 .ARM.attributes
                0x00000056       0x34 ./Core/Src/main.o
 .ARM.attributes
                0x0000008a       0x34 ./Core/Src/stm32f4xx_hal_msp.o
 .ARM.attributes
                0x000000be       0x34 ./Core/Src/stm32f4xx_it.o
 .ARM.attributes
                0x000000f2       0x34 ./Core/Src/system_stm32f4xx.o
 .ARM.attributes
                0x00000126       0x21 ./Core/Startup/startup_stm32f446retx.o
 .ARM.attributes
                0x00000147       0x34 ./Drivers/STM32F4xx_HAL_Driver/Src/stm32f4xx_hal.o
 .ARM.attributes
                0x0000017b       0x34 ./Drivers/STM32F4xx_HAL_Driver/Src/stm32f4xx_hal_cortex.o
 .ARM.attributes
                0x000001af       0x34 ./Drivers/STM32F4xx_HAL_Driver/Src/stm32f4xx_hal_crc.o
 .ARM.attributes
                0x000001e3       0x34 ./Drivers/STM32F4xx_HAL_Driver/Src/stm32f4xx_hal_gpio.o
 .ARM.attributes
                0x00000217       0x34 ./Drivers/STM32F4xx_HAL_Driver/Src/stm32f4xx_hal_pwr_ex.o
 .ARM.attributes
                0x0000024b       0x34 ./Drivers/STM32F4xx_HAL_Driver/Src/stm32f4xx_hal_rcc.o
 .ARM.attributes
                0x0000027f       0x34 ./Drivers/STM32F4xx_HAL_Driver/Src/stm32f4xx_hal_rcc_ex.o
 .ARM.attributes
                0x000002b3       0x34 ./Drivers/STM32F4xx_HAL_Driver/Src/stm32f4xx_hal_uart.o
 .ARM.attributes
                0x000002e7       0x34 ./X-CUBE-AI/App/network.o
 .ARM.attributes
                0x0000031b       0x34 ./X-CUBE-AI/App/network_data.o
 .ARM.attributes
                0x0000034f       0x34 ./X-CUBE-AI/App/network_data_params.o
 .ARM.attributes
                0x00000383       0x30 ../Middlewares/ST/AI/Lib\NetworkRuntime1020_CM4_GCC.a(ai_platform.o)
 .ARM.attributes
                0x000003b3       0x30 ../Middlewares/ST/AI/Lib\NetworkRuntime1020_CM4_GCC.a(ai_platform_interface.o)
 .ARM.attributes
                0x000003e3       0x30 ../Middlewares/ST/AI/Lib\NetworkRuntime1020_CM4_GCC.a(core_common.o)
 .ARM.attributes
                0x00000413       0x30 ../Middlewares/ST/AI/Lib\NetworkRuntime1020_CM4_GCC.a(layers.o)
 .ARM.attributes
                0x00000443       0x30 ../Middlewares/ST/AI/Lib\NetworkRuntime1020_CM4_GCC.a(layers_conv2d_generic_float.o)
 .ARM.attributes
                0x00000473       0x30 ../Middlewares/ST/AI/Lib\NetworkRuntime1020_CM4_GCC.a(layers_nl_generic_float.o)
 .ARM.attributes
                0x000004a3       0x30 ../Middlewares/ST/AI/Lib\NetworkRuntime1020_CM4_GCC.a(lite_nl_softmax_if32of32.o)
 .ARM.attributes
                0x000004d3       0x30 ../Middlewares/ST/AI/Lib\NetworkRuntime1020_CM4_GCC.a(lite_nl_relu_if32of32.o)
 .ARM.attributes
                0x00000503       0x30 ../Middlewares/ST/AI/Lib\NetworkRuntime1020_CM4_GCC.a(lite_dense_if32.o)
 .ARM.attributes
                0x00000533       0x30 ../Middlewares/ST/AI/Lib\NetworkRuntime1020_CM4_GCC.a(lite_nl_generic_float.o)
 .ARM.attributes
                0x00000563       0x30 ../Middlewares/ST/AI/Lib\NetworkRuntime1020_CM4_GCC.a(st_int8_fill.o)
 .ARM.attributes
                0x00000593       0x30 ../Middlewares/ST/AI/Lib\NetworkRuntime1020_CM4_GCC.a(ai_datatypes_format.o)
 .ARM.attributes
                0x000005c3       0x30 ../Middlewares/ST/AI/Lib\NetworkRuntime1020_CM4_GCC.a(ai_datatypes_internal.o)
 .ARM.attributes
                0x000005f3       0x34 C:/ST/STM32CubeIDE_1.18.0/STM32CubeIDE/plugins/com.st.stm32cube.ide.mcu.externaltools.gnu-tools-for-stm32.13.3.rel1.win32_1.0.0.202411081344/tools/bin/../lib/gcc/arm-none-eabi/13.3.1/../../../../arm-none-eabi/lib/thumb/v7e-m+fp/hard\libc_nano.a(libc_a-findfp.o)
 .ARM.attributes
                0x00000627       0x34 C:/ST/STM32CubeIDE_1.18.0/STM32CubeIDE/plugins/com.st.stm32cube.ide.mcu.externaltools.gnu-tools-for-stm32.13.3.rel1.win32_1.0.0.202411081344/tools/bin/../lib/gcc/arm-none-eabi/13.3.1/../../../../arm-none-eabi/lib/thumb/v7e-m+fp/hard\libc_nano.a(libc_a-memset.o)
 .ARM.attributes
                0x0000065b       0x34 C:/ST/STM32CubeIDE_1.18.0/STM32CubeIDE/plugins/com.st.stm32cube.ide.mcu.externaltools.gnu-tools-for-stm32.13.3.rel1.win32_1.0.0.202411081344/tools/bin/../lib/gcc/arm-none-eabi/13.3.1/../../../../arm-none-eabi/lib/thumb/v7e-m+fp/hard\libc_nano.a(libc_a-impure.o)
 .ARM.attributes
                0x0000068f       0x34 C:/ST/STM32CubeIDE_1.18.0/STM32CubeIDE/plugins/com.st.stm32cube.ide.mcu.externaltools.gnu-tools-for-stm32.13.3.rel1.win32_1.0.0.202411081344/tools/bin/../lib/gcc/arm-none-eabi/13.3.1/../../../../arm-none-eabi/lib/thumb/v7e-m+fp/hard\libc_nano.a(libc_a-errno.o)
 .ARM.attributes
                0x000006c3       0x34 C:/ST/STM32CubeIDE_1.18.0/STM32CubeIDE/plugins/com.st.stm32cube.ide.mcu.externaltools.gnu-tools-for-stm32.13.3.rel1.win32_1.0.0.202411081344/tools/bin/../lib/gcc/arm-none-eabi/13.3.1/../../../../arm-none-eabi/lib/thumb/v7e-m+fp/hard\libc_nano.a(libc_a-init.o)
 .ARM.attributes
                0x000006f7       0x34 C:/ST/STM32CubeIDE_1.18.0/STM32CubeIDE/plugins/com.st.stm32cube.ide.mcu.externaltools.gnu-tools-for-stm32.13.3.rel1.win32_1.0.0.202411081344/tools/bin/../lib/gcc/arm-none-eabi/13.3.1/../../../../arm-none-eabi/lib/thumb/v7e-m+fp/hard\libm.a(libm_a-wf_exp.o)
 .ARM.attributes
                0x0000072b       0x34 C:/ST/STM32CubeIDE_1.18.0/STM32CubeIDE/plugins/com.st.stm32cube.ide.mcu.externaltools.gnu-tools-for-stm32.13.3.rel1.win32_1.0.0.202411081344/tools/bin/../lib/gcc/arm-none-eabi/13.3.1/../../../../arm-none-eabi/lib/thumb/v7e-m+fp/hard\libm.a(libm_a-wf_log10.o)
 .ARM.attributes
                0x0000075f       0x34 C:/ST/STM32CubeIDE_1.18.0/STM32CubeIDE/plugins/com.st.stm32cube.ide.mcu.externaltools.gnu-tools-for-stm32.13.3.rel1.win32_1.0.0.202411081344/tools/bin/../lib/gcc/arm-none-eabi/13.3.1/../../../../arm-none-eabi/lib/thumb/v7e-m+fp/hard\libm.a(libm_a-sf_cos.o)
 .ARM.attributes
                0x00000793       0x34 C:/ST/STM32CubeIDE_1.18.0/STM32CubeIDE/plugins/com.st.stm32cube.ide.mcu.externaltools.gnu-tools-for-stm32.13.3.rel1.win32_1.0.0.202411081344/tools/bin/../lib/gcc/arm-none-eabi/13.3.1/../../../../arm-none-eabi/lib/thumb/v7e-m+fp/hard\libm.a(libm_a-sf_fabs.o)
 .ARM.attributes
                0x000007c7       0x34 C:/ST/STM32CubeIDE_1.18.0/STM32CubeIDE/plugins/com.st.stm32cube.ide.mcu.externaltools.gnu-tools-for-stm32.13.3.rel1.win32_1.0.0.202411081344/tools/bin/../lib/gcc/arm-none-eabi/13.3.1/../../../../arm-none-eabi/lib/thumb/v7e-m+fp/hard\libm.a(libm_a-sf_sin.o)
 .ARM.attributes
                0x000007fb       0x34 C:/ST/STM32CubeIDE_1.18.0/STM32CubeIDE/plugins/com.st.stm32cube.ide.mcu.externaltools.gnu-tools-for-stm32.13.3.rel1.win32_1.0.0.202411081344/tools/bin/../lib/gcc/arm-none-eabi/13.3.1/../../../../arm-none-eabi/lib/thumb/v7e-m+fp/hard\libm.a(libm_a-sf_finite.o)
 .ARM.attributes
                0x0000082f       0x34 C:/ST/STM32CubeIDE_1.18.0/STM32CubeIDE/plugins/com.st.stm32cube.ide.mcu.externaltools.gnu-tools-for-stm32.13.3.rel1.win32_1.0.0.202411081344/tools/bin/../lib/gcc/arm-none-eabi/13.3.1/../../../../arm-none-eabi/lib/thumb/v7e-m+fp/hard\libm.a(libm_a-sf_nan.o)
 .ARM.attributes
                0x00000863       0x34 C:/ST/STM32CubeIDE_1.18.0/STM32CubeIDE/plugins/com.st.stm32cube.ide.mcu.externaltools.gnu-tools-for-stm32.13.3.rel1.win32_1.0.0.202411081344/tools/bin/../lib/gcc/arm-none-eabi/13.3.1/../../../../arm-none-eabi/lib/thumb/v7e-m+fp/hard\libm.a(libm_a-math_errf.o)
 .ARM.attributes
                0x00000897       0x34 C:/ST/STM32CubeIDE_1.18.0/STM32CubeIDE/plugins/com.st.stm32cube.ide.mcu.externaltools.gnu-tools-for-stm32.13.3.rel1.win32_1.0.0.202411081344/tools/bin/../lib/gcc/arm-none-eabi/13.3.1/../../../../arm-none-eabi/lib/thumb/v7e-m+fp/hard\libm.a(libm_a-sf_floor.o)
 .ARM.attributes
                0x000008cb       0x34 C:/ST/STM32CubeIDE_1.18.0/STM32CubeIDE/plugins/com.st.stm32cube.ide.mcu.externaltools.gnu-tools-for-stm32.13.3.rel1.win32_1.0.0.202411081344/tools/bin/../lib/gcc/arm-none-eabi/13.3.1/../../../../arm-none-eabi/lib/thumb/v7e-m+fp/hard\libm.a(libm_a-kf_cos.o)
 .ARM.attributes
                0x000008ff       0x34 C:/ST/STM32CubeIDE_1.18.0/STM32CubeIDE/plugins/com.st.stm32cube.ide.mcu.externaltools.gnu-tools-for-stm32.13.3.rel1.win32_1.0.0.202411081344/tools/bin/../lib/gcc/arm-none-eabi/13.3.1/../../../../arm-none-eabi/lib/thumb/v7e-m+fp/hard\libm.a(libm_a-kf_sin.o)
 .ARM.attributes
                0x00000933       0x34 C:/ST/STM32CubeIDE_1.18.0/STM32CubeIDE/plugins/com.st.stm32cube.ide.mcu.externaltools.gnu-tools-for-stm32.13.3.rel1.win32_1.0.0.202411081344/tools/bin/../lib/gcc/arm-none-eabi/13.3.1/../../../../arm-none-eabi/lib/thumb/v7e-m+fp/hard\libm.a(libm_a-ef_exp.o)
 .ARM.attributes
                0x00000967       0x34 C:/ST/STM32CubeIDE_1.18.0/STM32CubeIDE/plugins/com.st.stm32cube.ide.mcu.externaltools.gnu-tools-for-stm32.13.3.rel1.win32_1.0.0.202411081344/tools/bin/../lib/gcc/arm-none-eabi/13.3.1/../../../../arm-none-eabi/lib/thumb/v7e-m+fp/hard\libm.a(libm_a-ef_log.o)
 .ARM.attributes
                0x0000099b       0x34 C:/ST/STM32CubeIDE_1.18.0/STM32CubeIDE/plugins/com.st.stm32cube.ide.mcu.externaltools.gnu-tools-for-stm32.13.3.rel1.win32_1.0.0.202411081344/tools/bin/../lib/gcc/arm-none-eabi/13.3.1/../../../../arm-none-eabi/lib/thumb/v7e-m+fp/hard\libm.a(libm_a-ef_log10.o)
 .ARM.attributes
                0x000009cf       0x34 C:/ST/STM32CubeIDE_1.18.0/STM32CubeIDE/plugins/com.st.stm32cube.ide.mcu.externaltools.gnu-tools-for-stm32.13.3.rel1.win32_1.0.0.202411081344/tools/bin/../lib/gcc/arm-none-eabi/13.3.1/../../../../arm-none-eabi/lib/thumb/v7e-m+fp/hard\libm.a(libm_a-ef_rem_pio2.o)
 .ARM.attributes
                0x00000a03       0x34 C:/ST/STM32CubeIDE_1.18.0/STM32CubeIDE/plugins/com.st.stm32cube.ide.mcu.externaltools.gnu-tools-for-stm32.13.3.rel1.win32_1.0.0.202411081344/tools/bin/../lib/gcc/arm-none-eabi/13.3.1/../../../../arm-none-eabi/lib/thumb/v7e-m+fp/hard\libm.a(libm_a-sf_scalbn.o)
 .ARM.attributes
                0x00000a37       0x34 C:/ST/STM32CubeIDE_1.18.0/STM32CubeIDE/plugins/com.st.stm32cube.ide.mcu.externaltools.gnu-tools-for-stm32.13.3.rel1.win32_1.0.0.202411081344/tools/bin/../lib/gcc/arm-none-eabi/13.3.1/../../../../arm-none-eabi/lib/thumb/v7e-m+fp/hard\libm.a(libm_a-kf_rem_pio2.o)
 .ARM.attributes
                0x00000a6b       0x22 C:/ST/STM32CubeIDE_1.18.0/STM32CubeIDE/plugins/com.st.stm32cube.ide.mcu.externaltools.gnu-tools-for-stm32.13.3.rel1.win32_1.0.0.202411081344/tools/bin/../lib/gcc/arm-none-eabi/13.3.1/thumb/v7e-m+fp/hard\libgcc.a(_arm_addsubdf3.o)
 .ARM.attributes
                0x00000a8d       0x22 C:/ST/STM32CubeIDE_1.18.0/STM32CubeIDE/plugins/com.st.stm32cube.ide.mcu.externaltools.gnu-tools-for-stm32.13.3.rel1.win32_1.0.0.202411081344/tools/bin/../lib/gcc/arm-none-eabi/13.3.1/thumb/v7e-m+fp/hard\libgcc.a(_arm_muldivdf3.o)
 .ARM.attributes
                0x00000aaf       0x22 C:/ST/STM32CubeIDE_1.18.0/STM32CubeIDE/plugins/com.st.stm32cube.ide.mcu.externaltools.gnu-tools-for-stm32.13.3.rel1.win32_1.0.0.202411081344/tools/bin/../lib/gcc/arm-none-eabi/13.3.1/thumb/v7e-m+fp/hard\libgcc.a(_arm_truncdfsf2.o)
 .ARM.attributes
                0x00000ad1       0x22 C:/ST/STM32CubeIDE_1.18.0/STM32CubeIDE/plugins/com.st.stm32cube.ide.mcu.externaltools.gnu-tools-for-stm32.13.3.rel1.win32_1.0.0.202411081344/tools/bin/../lib/gcc/arm-none-eabi/13.3.1/thumb/v7e-m+fp/hard\libgcc.a(_aeabi_uldivmod.o)
 .ARM.attributes
                0x00000af3       0x34 C:/ST/STM32CubeIDE_1.18.0/STM32CubeIDE/plugins/com.st.stm32cube.ide.mcu.externaltools.gnu-tools-for-stm32.13.3.rel1.win32_1.0.0.202411081344/tools/bin/../lib/gcc/arm-none-eabi/13.3.1/thumb/v7e-m+fp/hard\libgcc.a(_udivmoddi4.o)
 .ARM.attributes
                0x00000b27       0x22 C:/ST/STM32CubeIDE_1.18.0/STM32CubeIDE/plugins/com.st.stm32cube.ide.mcu.externaltools.gnu-tools-for-stm32.13.3.rel1.win32_1.0.0.202411081344/tools/bin/../lib/gcc/arm-none-eabi/13.3.1/thumb/v7e-m+fp/hard\libgcc.a(_dvmd_tls.o)
 .ARM.attributes
                0x00000b49       0x22 C:/ST/STM32CubeIDE_1.18.0/STM32CubeIDE/plugins/com.st.stm32cube.ide.mcu.externaltools.gnu-tools-for-stm32.13.3.rel1.win32_1.0.0.202411081344/tools/bin/../lib/gcc/arm-none-eabi/13.3.1/thumb/v7e-m+fp/hard/crtn.o
OUTPUT(Homework_5.elf elf32-littlearm)
LOAD linker stubs
LOAD C:/ST/STM32CubeIDE_1.18.0/STM32CubeIDE/plugins/com.st.stm32cube.ide.mcu.externaltools.gnu-tools-for-stm32.13.3.rel1.win32_1.0.0.202411081344/tools/bin/../lib/gcc/arm-none-eabi/13.3.1/../../../../arm-none-eabi/lib/thumb/v7e-m+fp/hard\libc.a
LOAD C:/ST/STM32CubeIDE_1.18.0/STM32CubeIDE/plugins/com.st.stm32cube.ide.mcu.externaltools.gnu-tools-for-stm32.13.3.rel1.win32_1.0.0.202411081344/tools/bin/../lib/gcc/arm-none-eabi/13.3.1/../../../../arm-none-eabi/lib/thumb/v7e-m+fp/hard\libm.a
LOAD C:/ST/STM32CubeIDE_1.18.0/STM32CubeIDE/plugins/com.st.stm32cube.ide.mcu.externaltools.gnu-tools-for-stm32.13.3.rel1.win32_1.0.0.202411081344/tools/bin/../lib/gcc/arm-none-eabi/13.3.1/thumb/v7e-m+fp/hard\libgcc.a

.debug_info     0x00000000     0xb536
 .debug_info    0x00000000     0x17c4 ./Core/Src/main.o
 .debug_info    0x000017c4      0xa5e ./Core/Src/stm32f4xx_hal_msp.o
 .debug_info    0x00002222      0x112 ./Core/Src/stm32f4xx_it.o
 .debug_info    0x00002334      0x54a ./Core/Src/system_stm32f4xx.o
 .debug_info    0x0000287e       0x30 ./Core/Startup/startup_stm32f446retx.o
 .debug_info    0x000028ae      0x99a ./Drivers/STM32F4xx_HAL_Driver/Src/stm32f4xx_hal.o
 .debug_info    0x00003248      0xdaa ./Drivers/STM32F4xx_HAL_Driver/Src/stm32f4xx_hal_cortex.o
 .debug_info    0x00003ff2      0x37f ./Drivers/STM32F4xx_HAL_Driver/Src/stm32f4xx_hal_crc.o
 .debug_info    0x00004371      0x70b ./Drivers/STM32F4xx_HAL_Driver/Src/stm32f4xx_hal_gpio.o
 .debug_info    0x00004a7c      0x6da ./Drivers/STM32F4xx_HAL_Driver/Src/stm32f4xx_hal_pwr_ex.o
 .debug_info    0x00005156      0x8ff ./Drivers/STM32F4xx_HAL_Driver/Src/stm32f4xx_hal_rcc.o
 .debug_info    0x00005a55      0x960 ./Drivers/STM32F4xx_HAL_Driver/Src/stm32f4xx_hal_rcc_ex.o
 .debug_info    0x000063b5     0x2f4f ./Drivers/STM32F4xx_HAL_Driver/Src/stm32f4xx_hal_uart.o
 .debug_info    0x00009304     0x1ae0 ./X-CUBE-AI/App/network.o
 .debug_info    0x0000ade4      0x601 ./X-CUBE-AI/App/network_data.o
 .debug_info    0x0000b3e5      0x151 ./X-CUBE-AI/App/network_data_params.o

.debug_abbrev   0x00000000     0x1f03
 .debug_abbrev  0x00000000      0x2f2 ./Core/Src/main.o
 .debug_abbrev  0x000002f2      0x1df ./Core/Src/stm32f4xx_hal_msp.o
 .debug_abbrev  0x000004d1       0x73 ./Core/Src/stm32f4xx_it.o
 .debug_abbrev  0x00000544      0x11a ./Core/Src/system_stm32f4xx.o
 .debug_abbrev  0x0000065e       0x24 ./Core/Startup/startup_stm32f446retx.o
 .debug_abbrev  0x00000682      0x214 ./Drivers/STM32F4xx_HAL_Driver/Src/stm32f4xx_hal.o
 .debug_abbrev  0x00000896      0x31d ./Drivers/STM32F4xx_HAL_Driver/Src/stm32f4xx_hal_cortex.o
 .debug_abbrev  0x00000bb3      0x1b1 ./Drivers/STM32F4xx_HAL_Driver/Src/stm32f4xx_hal_crc.o
 .debug_abbrev  0x00000d64      0x1d4 ./Drivers/STM32F4xx_HAL_Driver/Src/stm32f4xx_hal_gpio.o
 .debug_abbrev  0x00000f38      0x1cf ./Drivers/STM32F4xx_HAL_Driver/Src/stm32f4xx_hal_pwr_ex.o
 .debug_abbrev  0x00001107      0x2b7 ./Drivers/STM32F4xx_HAL_Driver/Src/stm32f4xx_hal_rcc.o
 .debug_abbrev  0x000013be      0x211 ./Drivers/STM32F4xx_HAL_Driver/Src/stm32f4xx_hal_rcc_ex.o
 .debug_abbrev  0x000015cf      0x30e ./Drivers/STM32F4xx_HAL_Driver/Src/stm32f4xx_hal_uart.o
 .debug_abbrev  0x000018dd      0x35f ./X-CUBE-AI/App/network.o
 .debug_abbrev  0x00001c3c      0x20e ./X-CUBE-AI/App/network_data.o
 .debug_abbrev  0x00001e4a       0xb9 ./X-CUBE-AI/App/network_data_params.o

.debug_aranges  0x00000000      0x848
 .debug_aranges
                0x00000000       0x58 ./Core/Src/main.o
 .debug_aranges
                0x00000058       0x40 ./Core/Src/stm32f4xx_hal_msp.o
 .debug_aranges
                0x00000098       0x60 ./Core/Src/stm32f4xx_it.o
 .debug_aranges
                0x000000f8       0x28 ./Core/Src/system_stm32f4xx.o
 .debug_aranges
                0x00000120       0x28 ./Core/Startup/startup_stm32f446retx.o
 .debug_aranges
                0x00000148       0xf0 ./Drivers/STM32F4xx_HAL_Driver/Src/stm32f4xx_hal.o
 .debug_aranges
                0x00000238      0x130 ./Drivers/STM32F4xx_HAL_Driver/Src/stm32f4xx_hal_cortex.o
 .debug_aranges
                0x00000368       0x50 ./Drivers/STM32F4xx_HAL_Driver/Src/stm32f4xx_hal_crc.o
 .debug_aranges
                0x000003b8       0x58 ./Drivers/STM32F4xx_HAL_Driver/Src/stm32f4xx_hal_gpio.o
 .debug_aranges
                0x00000410       0x60 ./Drivers/STM32F4xx_HAL_Driver/Src/stm32f4xx_hal_pwr_ex.o
 .debug_aranges
                0x00000470       0x88 ./Drivers/STM32F4xx_HAL_Driver/Src/stm32f4xx_hal_rcc.o
 .debug_aranges
                0x000004f8       0x78 ./Drivers/STM32F4xx_HAL_Driver/Src/stm32f4xx_hal_rcc_ex.o
 .debug_aranges
                0x00000570      0x208 ./Drivers/STM32F4xx_HAL_Driver/Src/stm32f4xx_hal_uart.o
 .debug_aranges
                0x00000778       0x80 ./X-CUBE-AI/App/network.o
 .debug_aranges
                0x000007f8       0x38 ./X-CUBE-AI/App/network_data.o
 .debug_aranges
                0x00000830       0x18 ./X-CUBE-AI/App/network_data_params.o

.debug_rnglists
                0x00000000      0x635
 .debug_rnglists
                0x00000000       0x42 ./Core/Src/main.o
 .debug_rnglists
                0x00000042       0x2c ./Core/Src/stm32f4xx_hal_msp.o
 .debug_rnglists
                0x0000006e       0x43 ./Core/Src/stm32f4xx_it.o
 .debug_rnglists
                0x000000b1       0x1a ./Core/Src/system_stm32f4xx.o
 .debug_rnglists
                0x000000cb       0x19 ./Core/Startup/startup_stm32f446retx.o
 .debug_rnglists
                0x000000e4       0xaf ./Drivers/STM32F4xx_HAL_Driver/Src/stm32f4xx_hal.o
 .debug_rnglists
                0x00000193       0xe0 ./Drivers/STM32F4xx_HAL_Driver/Src/stm32f4xx_hal_cortex.o
 .debug_rnglists
                0x00000273       0x37 ./Drivers/STM32F4xx_HAL_Driver/Src/stm32f4xx_hal_crc.o
 .debug_rnglists
                0x000002aa       0x3f ./Drivers/STM32F4xx_HAL_Driver/Src/stm32f4xx_hal_gpio.o
 .debug_rnglists
                0x000002e9       0x47 ./Drivers/STM32F4xx_HAL_Driver/Src/stm32f4xx_hal_pwr_ex.o
 .debug_rnglists
                0x00000330       0x66 ./Drivers/STM32F4xx_HAL_Driver/Src/stm32f4xx_hal_rcc.o
 .debug_rnglists
                0x00000396       0x5e ./Drivers/STM32F4xx_HAL_Driver/Src/stm32f4xx_hal_rcc_ex.o
 .debug_rnglists
                0x000003f4      0x1bc ./Drivers/STM32F4xx_HAL_Driver/Src/stm32f4xx_hal_uart.o
 .debug_rnglists
                0x000005b0       0x60 ./X-CUBE-AI/App/network.o
 .debug_rnglists
                0x00000610       0x25 ./X-CUBE-AI/App/network_data.o

.debug_macro    0x00000000    0x22fad
 .debug_macro   0x00000000      0x301 ./Core/Src/main.o
 .debug_macro   0x00000301      0xad8 ./Core/Src/main.o
 .debug_macro   0x00000dd9      0x29b ./Core/Src/main.o
 .debug_macro   0x00001074       0x2e ./Core/Src/main.o
 .debug_macro   0x000010a2       0x28 ./Core/Src/main.o
 .debug_macro   0x000010ca       0x22 ./Core/Src/main.o
 .debug_macro   0x000010ec       0x8e ./Core/Src/main.o
 .debug_macro   0x0000117a       0x51 ./Core/Src/main.o
 .debug_macro   0x000011cb      0x103 ./Core/Src/main.o
 .debug_macro   0x000012ce       0x6a ./Core/Src/main.o
 .debug_macro   0x00001338      0x1df ./Core/Src/main.o
 .debug_macro   0x00001517       0x1c ./Core/Src/main.o
 .debug_macro   0x00001533       0x22 ./Core/Src/main.o
 .debug_macro   0x00001555       0xfb ./Core/Src/main.o
 .debug_macro   0x00001650     0x1011 ./Core/Src/main.o
 .debug_macro   0x00002661      0x11f ./Core/Src/main.o
 .debug_macro   0x00002780    0x1675e ./Core/Src/main.o
 .debug_macro   0x00018ede       0x6d ./Core/Src/main.o
 .debug_macro   0x00018f4b     0x3693 ./Core/Src/main.o
 .debug_macro   0x0001c5de      0x190 ./Core/Src/main.o
 .debug_macro   0x0001c76e       0x5c ./Core/Src/main.o
 .debug_macro   0x0001c7ca      0xca5 ./Core/Src/main.o
 .debug_macro   0x0001d46f      0x9e9 ./Core/Src/main.o
 .debug_macro   0x0001de58      0x115 ./Core/Src/main.o
 .debug_macro   0x0001df6d      0x1a0 ./Core/Src/main.o
 .debug_macro   0x0001e10d       0xa5 ./Core/Src/main.o
 .debug_macro   0x0001e1b2      0x16d ./Core/Src/main.o
 .debug_macro   0x0001e31f      0x287 ./Core/Src/main.o
 .debug_macro   0x0001e5a6       0x5f ./Core/Src/main.o
 .debug_macro   0x0001e605      0x236 ./Core/Src/main.o
 .debug_macro   0x0001e83b       0x22 ./Core/Src/main.o
 .debug_macro   0x0001e85d      0x132 ./Core/Src/main.o
 .debug_macro   0x0001e98f      0x29c ./Core/Src/main.o
 .debug_macro   0x0001ec2b       0x2e ./Core/Src/main.o
 .debug_macro   0x0001ec59      0x127 ./Core/Src/main.o
 .debug_macro   0x0001ed80       0xe8 ./Core/Src/main.o
 .debug_macro   0x0001ee68       0x89 ./Core/Src/main.o
 .debug_macro   0x0001eef1      0x2aa ./Core/Src/main.o
 .debug_macro   0x0001f19b      0x126 ./Core/Src/main.o
 .debug_macro   0x0001f2c1       0x58 ./Core/Src/main.o
 .debug_macro   0x0001f319       0x61 ./Core/Src/main.o
 .debug_macro   0x0001f37a       0x2a ./Core/Src/main.o
 .debug_macro   0x0001f3a4       0x43 ./Core/Src/main.o
 .debug_macro   0x0001f3e7       0x3a ./Core/Src/main.o
 .debug_macro   0x0001f421       0x3c ./Core/Src/main.o
 .debug_macro   0x0001f45d      0x460 ./Core/Src/main.o
 .debug_macro   0x0001f8bd       0x46 ./Core/Src/main.o
 .debug_macro   0x0001f903       0x22 ./Core/Src/main.o
 .debug_macro   0x0001f925      0x342 ./Core/Src/main.o
 .debug_macro   0x0001fc67       0x7c ./Core/Src/main.o
 .debug_macro   0x0001fce3       0x88 ./Core/Src/main.o
 .debug_macro   0x0001fd6b       0x4c ./Core/Src/main.o
 .debug_macro   0x0001fdb7       0x10 ./Core/Src/main.o
 .debug_macro   0x0001fdc7      0x370 ./Core/Src/main.o
 .debug_macro   0x00020137       0x16 ./Core/Src/main.o
 .debug_macro   0x0002014d       0x4a ./Core/Src/main.o
 .debug_macro   0x00020197       0x34 ./Core/Src/main.o
 .debug_macro   0x000201cb       0x10 ./Core/Src/main.o
 .debug_macro   0x000201db       0x58 ./Core/Src/main.o
 .debug_macro   0x00020233       0x8e ./Core/Src/main.o
 .debug_macro   0x000202c1       0x1c ./Core/Src/main.o
 .debug_macro   0x000202dd      0x185 ./Core/Src/main.o
 .debug_macro   0x00020462      0x19b ./Core/Src/main.o
 .debug_macro   0x000205fd      0x1d3 ./Core/Src/stm32f4xx_hal_msp.o
 .debug_macro   0x000207d0      0x1dd ./Core/Src/stm32f4xx_it.o
 .debug_macro   0x000209ad      0x1c4 ./Core/Src/system_stm32f4xx.o
 .debug_macro   0x00020b71      0x224 ./Drivers/STM32F4xx_HAL_Driver/Src/stm32f4xx_hal.o
 .debug_macro   0x00020d95      0x1c4 ./Drivers/STM32F4xx_HAL_Driver/Src/stm32f4xx_hal_cortex.o
 .debug_macro   0x00020f59      0x1c4 ./Drivers/STM32F4xx_HAL_Driver/Src/stm32f4xx_hal_crc.o
 .debug_macro   0x0002111d      0x1ca ./Drivers/STM32F4xx_HAL_Driver/Src/stm32f4xx_hal_gpio.o
 .debug_macro   0x000212e7      0x1dc ./Drivers/STM32F4xx_HAL_Driver/Src/stm32f4xx_hal_pwr_ex.o
 .debug_macro   0x000214c3      0x1e8 ./Drivers/STM32F4xx_HAL_Driver/Src/stm32f4xx_hal_rcc.o
 .debug_macro   0x000216ab      0x1c4 ./Drivers/STM32F4xx_HAL_Driver/Src/stm32f4xx_hal_rcc_ex.o
 .debug_macro   0x0002186f      0x1c5 ./Drivers/STM32F4xx_HAL_Driver/Src/stm32f4xx_hal_uart.o
 .debug_macro   0x00021a34      0x4b0 ./X-CUBE-AI/App/network.o
 .debug_macro   0x00021ee4       0x22 ./X-CUBE-AI/App/network.o
 .debug_macro   0x00021f06       0x16 ./X-CUBE-AI/App/network.o
 .debug_macro   0x00021f1c       0x10 ./X-CUBE-AI/App/network.o
 .debug_macro   0x00021f2c       0x20 ./X-CUBE-AI/App/network.o
 .debug_macro   0x00021f4c       0x22 ./X-CUBE-AI/App/network.o
 .debug_macro   0x00021f6e       0x10 ./X-CUBE-AI/App/network.o
 .debug_macro   0x00021f7e       0xc0 ./X-CUBE-AI/App/network.o
 .debug_macro   0x0002203e      0x229 ./X-CUBE-AI/App/network.o
 .debug_macro   0x00022267       0x2e ./X-CUBE-AI/App/network.o
 .debug_macro   0x00022295       0xcf ./X-CUBE-AI/App/network.o
 .debug_macro   0x00022364      0x1ed ./X-CUBE-AI/App/network.o
 .debug_macro   0x00022551       0x7c ./X-CUBE-AI/App/network.o
 .debug_macro   0x000225cd       0x17 ./X-CUBE-AI/App/network.o
 .debug_macro   0x000225e4      0x118 ./X-CUBE-AI/App/network.o
 .debug_macro   0x000226fc      0x202 ./X-CUBE-AI/App/network.o
 .debug_macro   0x000228fe       0x3a ./X-CUBE-AI/App/network.o
 .debug_macro   0x00022938       0x2e ./X-CUBE-AI/App/network.o
 .debug_macro   0x00022966       0xdc ./X-CUBE-AI/App/network.o
 .debug_macro   0x00022a42       0x16 ./X-CUBE-AI/App/network.o
 .debug_macro   0x00022a58       0x4d ./X-CUBE-AI/App/network.o
 .debug_macro   0x00022aa5       0x25 ./X-CUBE-AI/App/network.o
 .debug_macro   0x00022aca       0x6d ./X-CUBE-AI/App/network.o
 .debug_macro   0x00022b37       0x16 ./X-CUBE-AI/App/network.o
 .debug_macro   0x00022b4d       0x7c ./X-CUBE-AI/App/network.o
 .debug_macro   0x00022bc9       0x22 ./X-CUBE-AI/App/network.o
 .debug_macro   0x00022beb       0x10 ./X-CUBE-AI/App/network.o
 .debug_macro   0x00022bfb       0x11 ./X-CUBE-AI/App/network.o
 .debug_macro   0x00022c0c       0x2e ./X-CUBE-AI/App/network.o
 .debug_macro   0x00022c3a       0x2e ./X-CUBE-AI/App/network.o
 .debug_macro   0x00022c68      0x20f ./X-CUBE-AI/App/network_data.o
 .debug_macro   0x00022e77       0x46 ./X-CUBE-AI/App/network_data.o
 .debug_macro   0x00022ebd       0xf0 ./X-CUBE-AI/App/network_data_params.o

.debug_line     0x00000000     0xbc90
 .debug_line    0x00000000      0xd9a ./Core/Src/main.o
 .debug_line    0x00000d9a      0x7b2 ./Core/Src/stm32f4xx_hal_msp.o
 .debug_line    0x0000154c      0x7db ./Core/Src/stm32f4xx_it.o
 .debug_line    0x00001d27      0x7a2 ./Core/Src/system_stm32f4xx.o
 .debug_line    0x000024c9       0x7a ./Core/Startup/startup_stm32f446retx.o
 .debug_line    0x00002543      0xa1e ./Drivers/STM32F4xx_HAL_Driver/Src/stm32f4xx_hal.o
 .debug_line    0x00002f61      0xcee ./Drivers/STM32F4xx_HAL_Driver/Src/stm32f4xx_hal_cortex.o
 .debug_line    0x00003c4f      0x853 ./Drivers/STM32F4xx_HAL_Driver/Src/stm32f4xx_hal_crc.o
 .debug_line    0x000044a2      0xb62 ./Drivers/STM32F4xx_HAL_Driver/Src/stm32f4xx_hal_gpio.o
 .debug_line    0x00005004      0x98b ./Drivers/STM32F4xx_HAL_Driver/Src/stm32f4xx_hal_pwr_ex.o
 .debug_line    0x0000598f      0xe39 ./Drivers/STM32F4xx_HAL_Driver/Src/stm32f4xx_hal_rcc.o
 .debug_line    0x000067c8     0x14ea ./Drivers/STM32F4xx_HAL_Driver/Src/stm32f4xx_hal_rcc_ex.o
 .debug_line    0x00007cb2     0x2566 ./Drivers/STM32F4xx_HAL_Driver/Src/stm32f4xx_hal_uart.o
 .debug_line    0x0000a218      0xdf9 ./X-CUBE-AI/App/network.o
 .debug_line    0x0000b011      0x717 ./X-CUBE-AI/App/network_data.o
 .debug_line    0x0000b728      0x568 ./X-CUBE-AI/App/network_data_params.o

.debug_str      0x00000000    0xd5258
 .debug_str     0x00000000    0xd5258 ./Core/Src/main.o
                              0xcaad6 (size before relaxing)
 .debug_str     0x000d5258    0xc2f35 ./Core/Src/stm32f4xx_hal_msp.o
 .debug_str     0x000d5258    0xc289b ./Core/Src/stm32f4xx_it.o
 .debug_str     0x000d5258    0xc28c4 ./Core/Src/system_stm32f4xx.o
 .debug_str     0x000d5258       0x61 ./Core/Startup/startup_stm32f446retx.o
 .debug_str     0x000d5258    0xc3489 ./Drivers/STM32F4xx_HAL_Driver/Src/stm32f4xx_hal.o
 .debug_str     0x000d5258    0xc31e0 ./Drivers/STM32F4xx_HAL_Driver/Src/stm32f4xx_hal_cortex.o
 .debug_str     0x000d5258    0xc28cd ./Drivers/STM32F4xx_HAL_Driver/Src/stm32f4xx_hal_crc.o
 .debug_str     0x000d5258    0xc2a3f ./Drivers/STM32F4xx_HAL_Driver/Src/stm32f4xx_hal_gpio.o
 .debug_str     0x000d5258    0xc2a9c ./Drivers/STM32F4xx_HAL_Driver/Src/stm32f4xx_hal_pwr_ex.o
 .debug_str     0x000d5258    0xc2cfd ./Drivers/STM32F4xx_HAL_Driver/Src/stm32f4xx_hal_rcc.o
 .debug_str     0x000d5258    0xc2d30 ./Drivers/STM32F4xx_HAL_Driver/Src/stm32f4xx_hal_rcc_ex.o
 .debug_str     0x000d5258    0xc32b4 ./Drivers/STM32F4xx_HAL_Driver/Src/stm32f4xx_hal_uart.o
 .debug_str     0x000d5258    0x14506 ./X-CUBE-AI/App/network.o
 .debug_str     0x000d5258     0xefc2 ./X-CUBE-AI/App/network_data.o
 .debug_str     0x000d5258     0x7ae9 ./X-CUBE-AI/App/network_data_params.o

.comment        0x00000000       0x86
 .comment       0x00000000       0x86 ./Core/Src/main.o
                                 0x44 (size before relaxing)
 .comment       0x00000086       0x44 ./Core/Src/stm32f4xx_hal_msp.o
 .comment       0x00000086       0x44 ./Core/Src/stm32f4xx_it.o
 .comment       0x00000086       0x44 ./Core/Src/system_stm32f4xx.o
 .comment       0x00000086       0x44 ./Drivers/STM32F4xx_HAL_Driver/Src/stm32f4xx_hal.o
 .comment       0x00000086       0x44 ./Drivers/STM32F4xx_HAL_Driver/Src/stm32f4xx_hal_cortex.o
 .comment       0x00000086       0x44 ./Drivers/STM32F4xx_HAL_Driver/Src/stm32f4xx_hal_crc.o
 .comment       0x00000086       0x44 ./Drivers/STM32F4xx_HAL_Driver/Src/stm32f4xx_hal_gpio.o
 .comment       0x00000086       0x44 ./Drivers/STM32F4xx_HAL_Driver/Src/stm32f4xx_hal_pwr_ex.o
 .comment       0x00000086       0x44 ./Drivers/STM32F4xx_HAL_Driver/Src/stm32f4xx_hal_rcc.o
 .comment       0x00000086       0x44 ./Drivers/STM32F4xx_HAL_Driver/Src/stm32f4xx_hal_rcc_ex.o
 .comment       0x00000086       0x44 ./Drivers/STM32F4xx_HAL_Driver/Src/stm32f4xx_hal_uart.o
 .comment       0x00000086       0x44 ./X-CUBE-AI/App/network.o
 .comment       0x00000086       0x44 ./X-CUBE-AI/App/network_data.o
 .comment       0x00000086       0x44 ./X-CUBE-AI/App/network_data_params.o
 .comment       0x00000086       0x44 ../Middlewares/ST/AI/Lib\NetworkRuntime1020_CM4_GCC.a(ai_platform.o)
 .comment       0x00000086       0x44 ../Middlewares/ST/AI/Lib\NetworkRuntime1020_CM4_GCC.a(ai_platform_interface.o)
 .comment       0x00000086       0x44 ../Middlewares/ST/AI/Lib\NetworkRuntime1020_CM4_GCC.a(core_common.o)
 .comment       0x00000086       0x44 ../Middlewares/ST/AI/Lib\NetworkRuntime1020_CM4_GCC.a(layers.o)
 .comment       0x00000086       0x44 ../Middlewares/ST/AI/Lib\NetworkRuntime1020_CM4_GCC.a(layers_conv2d_generic_float.o)
 .comment       0x00000086       0x44 ../Middlewares/ST/AI/Lib\NetworkRuntime1020_CM4_GCC.a(layers_nl_generic_float.o)
 .comment       0x00000086       0x44 ../Middlewares/ST/AI/Lib\NetworkRuntime1020_CM4_GCC.a(lite_nl_softmax_if32of32.o)
 .comment       0x00000086       0x44 ../Middlewares/ST/AI/Lib\NetworkRuntime1020_CM4_GCC.a(lite_nl_relu_if32of32.o)
 .comment       0x00000086       0x44 ../Middlewares/ST/AI/Lib\NetworkRuntime1020_CM4_GCC.a(lite_dense_if32.o)
 .comment       0x00000086       0x44 ../Middlewares/ST/AI/Lib\NetworkRuntime1020_CM4_GCC.a(lite_nl_generic_float.o)
 .comment       0x00000086       0x44 ../Middlewares/ST/AI/Lib\NetworkRuntime1020_CM4_GCC.a(st_int8_fill.o)
 .comment       0x00000086       0x44 ../Middlewares/ST/AI/Lib\NetworkRuntime1020_CM4_GCC.a(ai_datatypes_format.o)
 .comment       0x00000086       0x44 ../Middlewares/ST/AI/Lib\NetworkRuntime1020_CM4_GCC.a(ai_datatypes_internal.o)

.debug_frame    0x00000000     0x25dc
 .debug_frame   0x00000000      0x11c ./Core/Src/main.o
 .debug_frame   0x0000011c       0xcc ./Core/Src/stm32f4xx_hal_msp.o
 .debug_frame   0x000001e8      0x104 ./Core/Src/stm32f4xx_it.o
 .debug_frame   0x000002ec       0x58 ./Core/Src/system_stm32f4xx.o